<?xml version="1.0" encoding="utf-8"?><testsuites name="pytest tests"><testsuite name="pytest" errors="0" failures="0" skipped="0" tests="693" time="5.136" timestamp="2026-04-03T21:13:40.533484-07:00" hostname="F99LXTG6YY"><testcase classname="tests.easm.test_easm_tools.TestEasmFindings" name="test_list_findings_success" file="tests/easm/test_easm_tools.py" line="24" time="0.004" /><testcase classname="tests.easm.test_easm_tools.TestEasmFindings" name="test_list_findings_with_jmespath" file="tests/easm/test_easm_tools.py" line="41" time="0.002" /><testcase classname="tests.easm.test_easm_tools.TestEasmFindings" name="test_list_findings_error" file="tests/easm/test_easm_tools.py" line="58" time="0.001" /><testcase classname="tests.easm.test_easm_tools.TestEasmFindings" name="test_get_finding_details" file="tests/easm/test_easm_tools.py" line="69" time="0.002" /><testcase classname="tests.easm.test_easm_tools.TestEasmFindings" name="test_get_finding_evidence" file="tests/easm/test_easm_tools.py" line="81" time="0.002" /><testcase classname="tests.easm.test_easm_tools.TestEasmFindings" name="test_get_finding_scan_output" file="tests/easm/test_easm_tools.py" line="93" time="0.001" /><testcase classname="tests.easm.test_easm_tools.TestEasmLookalikeDomains" name="test_list_lookalike_domains" file="tests/easm/test_easm_tools.py" line="113" time="0.002" /><testcase classname="tests.easm.test_easm_tools.TestEasmLookalikeDomains" name="test_list_lookalike_domains_with_jmespath" file="tests/easm/test_easm_tools.py" line="130" time="0.001" /><testcase classname="tests.easm.test_easm_tools.TestEasmLookalikeDomains" name="test_get_lookalike_domain" file="tests/easm/test_easm_tools.py" line="147" time="0.001" /><testcase classname="tests.easm.test_easm_tools.TestEasmLookalikeDomains" name="test_list_lookalike_domains_error" file="tests/easm/test_easm_tools.py" line="159" time="0.001" /><testcase classname="tests.easm.test_easm_tools.TestEasmOrganizations" name="test_list_organizations" file="tests/easm/test_easm_tools.py" line="178" time="0.002" /><testcase classname="tests.easm.test_easm_tools.TestEasmOrganizations" name="test_list_organizations_with_jmespath" file="tests/easm/test_easm_tools.py" line="195" time="0.001" /><testcase classname="tests.easm.test_easm_tools.TestEasmOrganizations" name="test_list_organizations_error" file="tests/easm/test_easm_tools.py" line="211" time="0.001" /><testcase classname="tests.easm.test_easm_tools.TestEASMServiceRegistration" name="test_easm_service_exists_in_registry" file="tests/easm/test_easm_tools.py" line="230" time="0.000" /><testcase classname="tests.easm.test_easm_tools.TestEASMServiceRegistration" name="test_easm_service_has_read_tools_only" file="tests/easm/test_easm_tools.py" line="236" time="0.000" /><testcase classname="tests.easm.test_easm_tools.TestEASMServiceRegistration" name="test_all_easm_tools_have_prefix" file="tests/easm/test_easm_tools.py" line="243" time="0.001" /><testcase classname="tests.test_auth.TestAPIKeyAuthProvider" name="test_valid_key" file="tests/test_auth.py" line="109" time="0.001" /><testcase classname="tests.test_auth.TestAPIKeyAuthProvider" name="test_invalid_key" file="tests/test_auth.py" line="115" time="0.001" /><testcase classname="tests.test_auth.TestAPIKeyAuthProvider" name="test_missing_header" file="tests/test_auth.py" line="121" time="0.001" /><testcase classname="tests.test_auth.TestAPIKeyAuthProvider" name="test_wrong_scheme" file="tests/test_auth.py" line="126" time="0.001" /><testcase classname="tests.test_auth.TestAPIKeyAuthProvider" name="test_empty_key_rejected" file="tests/test_auth.py" line="132" time="0.000" /><testcase classname="tests.test_auth.TestAPIKeyAuthProvider" name="test_whitespace_key_rejected" file="tests/test_auth.py" line="136" time="0.000" /><testcase classname="tests.test_auth.TestAPIKeyAuthProvider" name="test_scheme_is_bearer" file="tests/test_auth.py" line="140" time="0.000" /><testcase classname="tests.test_auth.TestAPIKeyAuthProvider" name="test_timing_safety" file="tests/test_auth.py" line="144" time="0.001" /><testcase classname="tests.test_auth.TestJWTAuthProvider" name="test_valid_token" file="tests/test_auth.py" line="180" time="0.134" /><testcase classname="tests.test_auth.TestJWTAuthProvider" name="test_expired_token" file="tests/test_auth.py" line="191" time="0.049" /><testcase classname="tests.test_auth.TestJWTAuthProvider" name="test_wrong_issuer" file="tests/test_auth.py" line="202" time="0.049" /><testcase classname="tests.test_auth.TestJWTAuthProvider" name="test_wrong_audience" file="tests/test_auth.py" line="213" time="0.049" /><testcase classname="tests.test_auth.TestJWTAuthProvider" name="test_missing_header" file="tests/test_auth.py" line="224" time="0.001" /><testcase classname="tests.test_auth.TestJWTAuthProvider" name="test_garbage_token" file="tests/test_auth.py" line="233" time="0.001" /><testcase classname="tests.test_auth.TestJWTAuthProvider" name="test_empty_jwks_uri_rejected" file="tests/test_auth.py" line="242" time="0.001" /><testcase classname="tests.test_auth.TestJWTAuthProvider" name="test_empty_issuer_rejected" file="tests/test_auth.py" line="246" time="0.001" /><testcase classname="tests.test_auth.TestZscalerAuthProvider" name="test_empty_vanity_domain_rejected" file="tests/test_auth.py" line="257" time="0.001" /><testcase classname="tests.test_auth.TestZscalerAuthProvider" name="test_production_token_url" file="tests/test_auth.py" line="261" time="0.001" /><testcase classname="tests.test_auth.TestZscalerAuthProvider" name="test_beta_token_url" file="tests/test_auth.py" line="265" time="0.001" /><testcase classname="tests.test_auth.TestZscalerAuthProvider" name="test_scheme_is_basic" file="tests/test_auth.py" line="269" time="0.001" /><testcase classname="tests.test_auth.TestZscalerAuthProvider" name="test_rejects_bearer_scheme" file="tests/test_auth.py" line="273" time="0.001" /><testcase classname="tests.test_auth.TestZscalerAuthProvider" name="test_rejects_empty_header" file="tests/test_auth.py" line="279" time="0.001" /><testcase classname="tests.test_auth.TestZscalerAuthProvider" name="test_rejects_invalid_base64" file="tests/test_auth.py" line="284" time="0.001" /><testcase classname="tests.test_auth.TestZscalerAuthProvider" name="test_rejects_missing_colon" file="tests/test_auth.py" line="290" time="0.001" /><testcase classname="tests.test_auth.TestZscalerAuthProvider" name="test_rejects_empty_client_id" file="tests/test_auth.py" line="297" time="0.001" /><testcase classname="tests.test_auth.TestZscalerAuthProvider" name="test_rejects_empty_secret" file="tests/test_auth.py" line="303" time="0.001" /><testcase classname="tests.test_auth.TestZscalerAuthProvider" name="test_caching_avoids_repeated_calls" file="tests/test_auth.py" line="309" time="0.001" /><testcase classname="tests.test_auth.TestZscalerAuthProvider" name="test_expired_cache_triggers_revalidation" file="tests/test_auth.py" line="322" time="0.001" /><testcase classname="tests.test_auth.TestOAuthProxyAuthProvider" name="test_not_implemented" file="tests/test_auth.py" line="338" time="0.001" /><testcase classname="tests.test_auth.TestAuthMiddleware" name="test_rejects_unauthenticated" file="tests/test_auth.py" line="374" time="0.001" /><testcase classname="tests.test_auth.TestAuthMiddleware" name="test_accepts_authenticated" file="tests/test_auth.py" line="380" time="0.001" /><testcase classname="tests.test_auth.TestAuthMiddleware" name="test_health_bypasses_auth" file="tests/test_auth.py" line="387" time="0.001" /><testcase classname="tests.test_auth.TestAuthMiddleware" name="test_healthz_bypasses_auth" file="tests/test_auth.py" line="393" time="0.001" /><testcase classname="tests.test_auth.TestAuthMiddleware" name="test_non_http_passes_through" file="tests/test_auth.py" line="399" time="0.001" /><testcase classname="tests.test_auth.TestAuthMiddleware" name="test_401_includes_www_authenticate" file="tests/test_auth.py" line="411" time="0.001" /><testcase classname="tests.test_auth.TestAuthMiddleware" name="test_401_body_is_jsonrpc" file="tests/test_auth.py" line="418" time="0.001" /><testcase classname="tests.test_auth.TestApplyAuthMiddleware" name="test_auth_enabled_by_default" file="tests/test_auth.py" line="451" time="0.001" /><testcase classname="tests.test_auth.TestApplyAuthMiddleware" name="test_explicit_disable_returns_original_app" file="tests/test_auth.py" line="462" time="0.001" /><testcase classname="tests.test_auth.TestApplyAuthMiddleware" name="test_explicit_disable_0" file="tests/test_auth.py" line="472" time="0.001" /><testcase classname="tests.test_auth.TestApplyAuthMiddleware" name="test_explicit_disable_no" file="tests/test_auth.py" line="481" time="0.001" /><testcase classname="tests.test_auth.TestApplyAuthMiddleware" name="test_auto_detect_jwt_from_jwks_uri" file="tests/test_auth.py" line="492" time="0.001" /><testcase classname="tests.test_auth.TestApplyAuthMiddleware" name="test_auto_detect_api_key" file="tests/test_auth.py" line="504" time="0.001" /><testcase classname="tests.test_auth.TestApplyAuthMiddleware" name="test_auto_detect_zscaler" file="tests/test_auth.py" line="515" time="0.001" /><testcase classname="tests.test_auth.TestApplyAuthMiddleware" name="test_auto_detect_priority_jwks_over_api_key" file="tests/test_auth.py" line="526" time="0.001" /><testcase classname="tests.test_auth.TestApplyAuthMiddleware" name="test_stdio_always_skips" file="tests/test_auth.py" line="540" time="0.001" /><testcase classname="tests.test_auth.TestApplyAuthMiddleware" name="test_api_key_mode_wraps" file="tests/test_auth.py" line="553" time="0.001" /><testcase classname="tests.test_auth.TestApplyAuthMiddleware" name="test_jwt_mode_wraps" file="tests/test_auth.py" line="564" time="0.001" /><testcase classname="tests.test_auth.TestApplyAuthMiddleware" name="test_zscaler_mode_wraps" file="tests/test_auth.py" line="576" time="0.001" /><testcase classname="tests.test_auth.TestApplyAuthMiddleware" name="test_unknown_mode_raises" file="tests/test_auth.py" line="587" time="0.001" /><testcase classname="tests.test_auth.TestApplyAuthMiddleware" name="test_oauth_proxy_raises" file="tests/test_auth.py" line="596" time="0.001" /><testcase classname="tests.test_auth.TestApplyAuthMiddleware" name="test_jwt_mode_missing_jwks_uri_raises" file="tests/test_auth.py" line="607" time="0.001" /><testcase classname="tests.test_auth.TestApplyAuthMiddleware" name="test_api_key_mode_missing_key_raises" file="tests/test_auth.py" line="618" time="0.001" /><testcase classname="tests.test_auth.TestApplyAuthMiddleware" name="test_zscaler_mode_missing_domain_raises" file="tests/test_auth.py" line="628" time="0.461" /><testcase classname="tests.test_elicitation.TestCanonicalPayload" name="test_deterministic_output" file="tests/test_elicitation.py" line="30" time="0.001" /><testcase classname="tests.test_elicitation.TestCanonicalPayload" name="test_strips_internal_keys" file="tests/test_elicitation.py" line="35" time="0.001" /><testcase classname="tests.test_elicitation.TestCanonicalPayload" name="test_strips_service_and_kwargs" file="tests/test_elicitation.py" line="43" time="0.001" /><testcase classname="tests.test_elicitation.TestCanonicalPayload" name="test_strips_use_legacy" file="tests/test_elicitation.py" line="49" time="0.000" /><testcase classname="tests.test_elicitation.TestCanonicalPayload" name="test_includes_tool_name_prefix" file="tests/test_elicitation.py" line="54" time="0.000" /><testcase classname="tests.test_elicitation.TestCanonicalPayload" name="test_empty_params" file="tests/test_elicitation.py" line="58" time="0.001" /><testcase classname="tests.test_elicitation.TestTokenGenerationValidation" name="test_roundtrip_valid" file="tests/test_elicitation.py" line="69" time="0.001" /><testcase classname="tests.test_elicitation.TestTokenGenerationValidation" name="test_token_format" file="tests/test_elicitation.py" line="76" time="0.001" /><testcase classname="tests.test_elicitation.TestTokenGenerationValidation" name="test_different_tool_name_fails" file="tests/test_elicitation.py" line="83" time="0.001" /><testcase classname="tests.test_elicitation.TestTokenGenerationValidation" name="test_modified_params_fails" file="tests/test_elicitation.py" line="90" time="0.001" /><testcase classname="tests.test_elicitation.TestTokenGenerationValidation" name="test_extra_param_fails" file="tests/test_elicitation.py" line="98" time="0.001" /><testcase classname="tests.test_elicitation.TestTokenGenerationValidation" name="test_removed_param_fails" file="tests/test_elicitation.py" line="105" time="0.000" /><testcase classname="tests.test_elicitation.TestTokenGenerationValidation" name="test_expired_token" file="tests/test_elicitation.py" line="112" time="0.000" /><testcase classname="tests.test_elicitation.TestTokenGenerationValidation" name="test_malformed_token_no_colon" file="tests/test_elicitation.py" line="121" time="0.000" /><testcase classname="tests.test_elicitation.TestTokenGenerationValidation" name="test_malformed_token_bad_expiry" file="tests/test_elicitation.py" line="126" time="0.000" /><testcase classname="tests.test_elicitation.TestTokenGenerationValidation" name="test_forged_signature_fails" file="tests/test_elicitation.py" line="131" time="0.000" /><testcase classname="tests.test_elicitation.TestTokenGenerationValidation" name="test_internal_keys_ignored_in_validation" file="tests/test_elicitation.py" line="139" time="0.001" /><testcase classname="tests.test_elicitation.TestExtractConfirmedFromKwargs" name="test_dict_with_token" file="tests/test_elicitation.py" line="155" time="0.001" /><testcase classname="tests.test_elicitation.TestExtractConfirmedFromKwargs" name="test_json_string_with_token" file="tests/test_elicitation.py" line="159" time="0.001" /><testcase classname="tests.test_elicitation.TestExtractConfirmedFromKwargs" name="test_legacy_confirmed_true_dict" file="tests/test_elicitation.py" line="163" time="0.001" /><testcase classname="tests.test_elicitation.TestExtractConfirmedFromKwargs" name="test_legacy_confirm_true_dict" file="tests/test_elicitation.py" line="167" time="0.001" /><testcase classname="tests.test_elicitation.TestExtractConfirmedFromKwargs" name="test_legacy_confirmed_json_string" file="tests/test_elicitation.py" line="171" time="0.000" /><testcase classname="tests.test_elicitation.TestExtractConfirmedFromKwargs" name="test_empty_string" file="tests/test_elicitation.py" line="175" time="0.000" /><testcase classname="tests.test_elicitation.TestExtractConfirmedFromKwargs" name="test_empty_dict_string" file="tests/test_elicitation.py" line="178" time="0.000" /><testcase classname="tests.test_elicitation.TestExtractConfirmedFromKwargs" name="test_empty_dict" file="tests/test_elicitation.py" line="181" time="0.000" /><testcase classname="tests.test_elicitation.TestExtractConfirmedFromKwargs" name="test_none" file="tests/test_elicitation.py" line="184" time="0.000" /><testcase classname="tests.test_elicitation.TestExtractConfirmedFromKwargs" name="test_invalid_json_string" file="tests/test_elicitation.py" line="187" time="0.001" /><testcase classname="tests.test_elicitation.TestExtractConfirmedFromKwargs" name="test_integer_value" file="tests/test_elicitation.py" line="190" time="0.001" /><testcase classname="tests.test_elicitation.TestExtractConfirmedFromKwargs" name="test_token_takes_precedence_over_confirmed" file="tests/test_elicitation.py" line="193" time="0.001" /><testcase classname="tests.test_elicitation.TestShouldSkipConfirmations" name="test_not_set" file="tests/test_elicitation.py" line="204" time="0.001" /><testcase classname="tests.test_elicitation.TestShouldSkipConfirmations" name="test_set_true" file="tests/test_elicitation.py" line="209" time="0.001" /><testcase classname="tests.test_elicitation.TestShouldSkipConfirmations" name="test_set_TRUE_uppercase" file="tests/test_elicitation.py" line="213" time="0.001" /><testcase classname="tests.test_elicitation.TestShouldSkipConfirmations" name="test_set_false" file="tests/test_elicitation.py" line="217" time="0.001" /><testcase classname="tests.test_elicitation.TestGenerateConfirmationMessage" name="test_delete_operation" file="tests/test_elicitation.py" line="228" time="0.001" /><testcase classname="tests.test_elicitation.TestGenerateConfirmationMessage" name="test_create_operation" file="tests/test_elicitation.py" line="235" time="0.000" /><testcase classname="tests.test_elicitation.TestGenerateConfirmationMessage" name="test_update_operation" file="tests/test_elicitation.py" line="243" time="0.000" /><testcase classname="tests.test_elicitation.TestGenerateConfirmationMessage" name="test_generic_write_operation" file="tests/test_elicitation.py" line="250" time="0.000" /><testcase classname="tests.test_elicitation.TestGenerateConfirmationMessage" name="test_bulk_delete" file="tests/test_elicitation.py" line="255" time="0.000" /><testcase classname="tests.test_elicitation.TestGenerateConfirmationMessage" name="test_display_params_strip_internal" file="tests/test_elicitation.py" line="260" time="0.001" /><testcase classname="tests.test_elicitation.TestCheckConfirmation" name="test_no_confirmation_returns_message" file="tests/test_elicitation.py" line="276" time="0.001" /><testcase classname="tests.test_elicitation.TestCheckConfirmation" name="test_false_confirmation_returns_message" file="tests/test_elicitation.py" line="281" time="0.000" /><testcase classname="tests.test_elicitation.TestCheckConfirmation" name="test_legacy_confirmed_reprompts" file="tests/test_elicitation.py" line="285" time="0.001" /><testcase classname="tests.test_elicitation.TestCheckConfirmation" name="test_valid_token_returns_none" file="tests/test_elicitation.py" line="290" time="0.001" /><testcase classname="tests.test_elicitation.TestCheckConfirmation" name="test_invalid_token_reprompts" file="tests/test_elicitation.py" line="296" time="0.001" /><testcase classname="tests.test_elicitation.TestCheckConfirmation" name="test_expired_token_reprompts" file="tests/test_elicitation.py" line="301" time="0.001" /><testcase classname="tests.test_elicitation.TestCheckConfirmation" name="test_tampered_params_reprompts" file="tests/test_elicitation.py" line="310" time="0.001" /><testcase classname="tests.test_elicitation.TestCheckConfirmation" name="test_skip_confirmations_bypasses" file="tests/test_elicitation.py" line="318" time="0.001" /><testcase classname="tests.test_elicitation.TestCWE345TokenReplayPrevention" name="test_token_replay_rejected_different_resource_id" file="tests/test_elicitation.py" line="338" time="0.001" /><testcase classname="tests.test_elicitation.TestCWE345TokenReplayPrevention" name="test_token_valid_for_same_resource_id" file="tests/test_elicitation.py" line="345" time="0.000" /><testcase classname="tests.test_elicitation.TestCWE345TokenReplayPrevention" name="test_empty_params_produces_fungible_token" file="tests/test_elicitation.py" line="351" time="0.000" /><testcase classname="tests.test_elicitation.TestCWE345TokenReplayPrevention" name="test_bound_params_prevent_replay" file="tests/test_elicitation.py" line="357" time="0.000" /><testcase classname="tests.test_elicitation.TestCWE345TokenReplayPrevention" name="test_replay_rejected_across_all_delete_tool_patterns" file="tests/test_elicitation.py" line="365" time="0.001" /><testcase classname="tests.test_elicitation.TestCWE345SourceCodeRegression" name="test_no_empty_params_in_check_confirmation_calls" file="tests/test_elicitation.py" line="408" time="0.188" /><testcase classname="tests.test_jmespath_utils.TestApplyJmespath" name="test_combined_filters" file="tests/test_jmespath_utils.py" line="60" time="0.001" /><testcase classname="tests.test_jmespath_utils.TestApplyJmespath" name="test_contains_filter" file="tests/test_jmespath_utils.py" line="37" time="0.001" /><testcase classname="tests.test_jmespath_utils.TestApplyJmespath" name="test_dict_input" file="tests/test_jmespath_utils.py" line="65" time="0.000" /><testcase classname="tests.test_jmespath_utils.TestApplyJmespath" name="test_dict_input_scalar" file="tests/test_jmespath_utils.py" line="70" time="0.000" /><testcase classname="tests.test_jmespath_utils.TestApplyJmespath" name="test_empty_list_input" file="tests/test_jmespath_utils.py" line="97" time="0.000" /><testcase classname="tests.test_jmespath_utils.TestApplyJmespath" name="test_empty_string_expression_returns_data_unchanged" file="tests/test_jmespath_utils.py" line="23" time="0.000" /><testcase classname="tests.test_jmespath_utils.TestApplyJmespath" name="test_filter_by_service" file="tests/test_jmespath_utils.py" line="27" time="0.001" /><testcase classname="tests.test_jmespath_utils.TestApplyJmespath" name="test_filter_by_type" file="tests/test_jmespath_utils.py" line="32" time="0.001" /><testcase classname="tests.test_jmespath_utils.TestApplyJmespath" name="test_invalid_expression_returns_error" file="tests/test_jmespath_utils.py" line="54" time="0.001" /><testcase classname="tests.test_jmespath_utils.TestApplyJmespath" name="test_multiselect_projection" file="tests/test_jmespath_utils.py" line="101" time="0.001" /><testcase classname="tests.test_jmespath_utils.TestApplyJmespath" name="test_nested_field_filter" file="tests/test_jmespath_utils.py" line="80" time="0.001" /><testcase classname="tests.test_jmespath_utils.TestApplyJmespath" name="test_no_matches_returns_empty_list" file="tests/test_jmespath_utils.py" line="46" time="0.001" /><testcase classname="tests.test_jmespath_utils.TestApplyJmespath" name="test_none_expression_returns_data_unchanged" file="tests/test_jmespath_utils.py" line="19" time="0.000" /><testcase classname="tests.test_jmespath_utils.TestApplyJmespath" name="test_null_result_from_expression" file="tests/test_jmespath_utils.py" line="75" time="0.000" /><testcase classname="tests.test_jmespath_utils.TestApplyJmespath" name="test_pipe_expression" file="tests/test_jmespath_utils.py" line="93" time="0.001" /><testcase classname="tests.test_jmespath_utils.TestApplyJmespath" name="test_projection_returns_list" file="tests/test_jmespath_utils.py" line="41" time="0.000" /><testcase classname="tests.test_jmespath_utils.TestApplyJmespath" name="test_scalar_result_wrapped_in_list" file="tests/test_jmespath_utils.py" line="50" time="0.001" /><testcase classname="tests.test_jmespath_utils.TestApplyJmespath" name="test_starts_with_function" file="tests/test_jmespath_utils.py" line="89" time="0.001" /><testcase classname="tests.test_logging.TestLoggingUtils" name="test_configure_logging_debug" file="tests/test_logging.py" line="14" time="0.002" /><testcase classname="tests.test_logging.TestLoggingUtils" name="test_configure_logging_info" file="tests/test_logging.py" line="37" time="0.002" /><testcase classname="tests.test_logging.TestLoggingUtils" name="test_get_logger_default_name" file="tests/test_logging.py" line="76" time="0.001" /><testcase classname="tests.test_logging.TestLoggingUtils" name="test_get_logger_with_name" file="tests/test_logging.py" line="60" time="0.001" /><testcase classname="tests.test_registry.TestRegistry" name="test_get_available_services" file="tests/test_registry.py" line="34" time="0.001" /><testcase classname="tests.test_registry.TestRegistry" name="test_get_service_names" file="tests/test_registry.py" line="24" time="0.000" /><testcase classname="tests.test_registry.TestRegistry" name="test_service_inheritance" file="tests/test_registry.py" line="65" time="0.000" /><testcase classname="tests.test_registry.TestRegistry" name="test_service_instantiation" file="tests/test_registry.py" line="75" time="0.084" /><testcase classname="tests.test_registry.TestRegistry" name="test_service_names_consistency" file="tests/test_registry.py" line="118" time="0.001" /><testcase classname="tests.test_registry.TestRegistry" name="test_service_registry_content" file="tests/test_registry.py" line="47" time="0.000" /><testcase classname="tests.test_registry.TestRegistry" name="test_service_registry_immutability" file="tests/test_registry.py" line="126" time="0.001" /><testcase classname="tests.test_registry.TestRegistry" name="test_service_tools_registration" file="tests/test_registry.py" line="89" time="0.005" /><testcase classname="tests.test_security.TestLogSecurityWarning" name="test_logs_warning_banner" file="tests/test_security.py" line="85" time="0.001" /><testcase classname="tests.test_security.TestLogSecurityWarning" name="test_logs_separator_lines" file="tests/test_security.py" line="92" time="0.001" /><testcase classname="tests.test_security.TestLogSecurityWarning" name="test_empty_details_list" file="tests/test_security.py" line="97" time="0.001" /><testcase classname="tests.test_security.TestGetTransportSecurity" name="test_localhost_returns_none" file="tests/test_security.py" line="115" time="0.001" /><testcase classname="tests.test_security.TestGetTransportSecurity" name="test_localhost_no_host_returns_none" file="tests/test_security.py" line="119" time="0.001" /><testcase classname="tests.test_security.TestGetTransportSecurity" name="test_zero_bind_without_config_raises" file="tests/test_security.py" line="123" time="0.001" /><testcase classname="tests.test_security.TestGetTransportSecurity" name="test_zero_bind_with_allowed_hosts" file="tests/test_security.py" line="127" time="0.001" /><testcase classname="tests.test_security.TestGetTransportSecurity" name="test_allowed_hosts_origins_http" file="tests/test_security.py" line="133" time="0.001" /><testcase classname="tests.test_security.TestGetTransportSecurity" name="test_allowed_hosts_origins_https_with_tls" file="tests/test_security.py" line="139" time="0.001" /><testcase classname="tests.test_security.TestGetTransportSecurity" name="test_explicit_disable_returns_dns_rebinding_off" file="tests/test_security.py" line="157" time="0.001" /><testcase classname="tests.test_security.TestGetTransportSecurity" name="test_explicit_disable_accepts_1" file="tests/test_security.py" line="163" time="0.001" /><testcase classname="tests.test_security.TestGetTransportSecurity" name="test_explicit_disable_accepts_yes" file="tests/test_security.py" line="169" time="0.001" /><testcase classname="tests.test_security.TestGetTransportSecurity" name="test_disable_logs_security_warning" file="tests/test_security.py" line="175" time="0.001" /><testcase classname="tests.test_security.TestGetTransportSecurity" name="test_dns_rebinding_enabled_with_allowlist" file="tests/test_security.py" line="182" time="0.001" /><testcase classname="tests.test_security.TestGetTransportSecurity" name="test_allowed_hosts_comma_separated" file="tests/test_security.py" line="187" time="0.001" /><testcase classname="tests.test_security.TestValidateHostConfig" name="test_localhost_passes" file="tests/test_security.py" line="207" time="0.001" /><testcase classname="tests.test_security.TestValidateHostConfig" name="test_other_ip_passes" file="tests/test_security.py" line="210" time="0.001" /><testcase classname="tests.test_security.TestValidateHostConfig" name="test_zero_bind_no_config_raises" file="tests/test_security.py" line="213" time="0.001" /><testcase classname="tests.test_security.TestValidateHostConfig" name="test_zero_bind_with_allowed_hosts_passes" file="tests/test_security.py" line="217" time="0.001" /><testcase classname="tests.test_security.TestValidateHostConfig" name="test_zero_bind_with_disable_passes" file="tests/test_security.py" line="221" time="0.001" /><testcase classname="tests.test_security.TestValidateHostConfig" name="test_zero_bind_with_disable_1_passes" file="tests/test_security.py" line="225" time="0.001" /><testcase classname="tests.test_security.TestValidateHostConfig" name="test_zero_bind_with_disable_yes_passes" file="tests/test_security.py" line="229" time="0.001" /><testcase classname="tests.test_security.TestGetTlsConfig" name="test_no_env_returns_empty" file="tests/test_security.py" line="246" time="0.001" /><testcase classname="tests.test_security.TestGetTlsConfig" name="test_both_files_returns_config" file="tests/test_security.py" line="249" time="0.001" /><testcase classname="tests.test_security.TestGetTlsConfig" name="test_only_cert_raises" file="tests/test_security.py" line="266" time="0.001" /><testcase classname="tests.test_security.TestGetTlsConfig" name="test_only_key_raises" file="tests/test_security.py" line="277" time="0.001" /><testcase classname="tests.test_security.TestGetTlsConfig" name="test_cert_file_not_found_raises" file="tests/test_security.py" line="288" time="0.001" /><testcase classname="tests.test_security.TestGetTlsConfig" name="test_key_file_not_found_raises" file="tests/test_security.py" line="294" time="0.001" /><testcase classname="tests.test_security.TestGetTlsConfig" name="test_optional_password" file="tests/test_security.py" line="306" time="0.001" /><testcase classname="tests.test_security.TestGetTlsConfig" name="test_optional_ca_certs" file="tests/test_security.py" line="323" time="0.001" /><testcase classname="tests.test_security.TestGetTlsConfig" name="test_ca_certs_not_found_raises" file="tests/test_security.py" line="344" time="0.001" /><testcase classname="tests.test_security.TestGetTlsConfig" name="test_whitespace_values_treated_as_empty" file="tests/test_security.py" line="361" time="0.001" /><testcase classname="tests.test_security.TestLogSecurityPosture" name="test_http_no_tls" file="tests/test_security.py" line="379" time="0.001" /><testcase classname="tests.test_security.TestLogSecurityPosture" name="test_https_with_tls" file="tests/test_security.py" line="385" time="0.001" /><testcase classname="tests.test_security.TestLogSecurityPosture" name="test_mutual_tls_indicated" file="tests/test_security.py" line="392" time="0.001" /><testcase classname="tests.test_security.TestLogSecurityPosture" name="test_no_mutual_tls" file="tests/test_security.py" line="402" time="0.001" /><testcase classname="tests.test_security.TestLogSecurityPosture" name="test_auth_disabled" file="tests/test_security.py" line="408" time="0.001" /><testcase classname="tests.test_security.TestLogSecurityPosture" name="test_auth_jwt_auto_detected" file="tests/test_security.py" line="414" time="0.001" /><testcase classname="tests.test_security.TestLogSecurityPosture" name="test_auth_api_key_auto_detected" file="tests/test_security.py" line="420" time="0.001" /><testcase classname="tests.test_security.TestLogSecurityPosture" name="test_auth_zscaler_auto_detected" file="tests/test_security.py" line="426" time="0.001" /><testcase classname="tests.test_security.TestLogSecurityPosture" name="test_auth_explicit_mode" file="tests/test_security.py" line="432" time="0.001" /><testcase classname="tests.test_security.TestLogSecurityPosture" name="test_host_validation_disabled" file="tests/test_security.py" line="438" time="0.001" /><testcase classname="tests.test_security.TestLogSecurityPosture" name="test_host_validation_allowlist" file="tests/test_security.py" line="444" time="0.001" /><testcase classname="tests.test_security.TestLogSecurityPosture" name="test_host_validation_localhost_only" file="tests/test_security.py" line="450" time="0.001" /><testcase classname="tests.test_security.TestLogSecurityPosture" name="test_confirmations_enabled" file="tests/test_security.py" line="455" time="0.001" /><testcase classname="tests.test_security.TestLogSecurityPosture" name="test_confirmations_disabled" file="tests/test_security.py" line="460" time="0.001" /><testcase classname="tests.test_security.TestLogSecurityPosture" name="test_banner_separators" file="tests/test_security.py" line="466" time="0.001" /><testcase classname="tests.test_security.TestLogSecurityPosture" name="test_fastmcp_auth_overrides_env_auth" file="tests/test_security.py" line="472" time="0.001" /><testcase classname="tests.test_security.TestLogSecurityPosture" name="test_fastmcp_auth_none_falls_back_to_env" file="tests/test_security.py" line="490" time="0.001" /><testcase classname="tests.test_security.TestCheckEnvFileSecurity" name="test_no_env_file_no_warning" file="tests/test_security.py" line="507" time="0.002" /><testcase classname="tests.test_security.TestCheckEnvFileSecurity" name="test_env_with_secrets_warns" file="tests/test_security.py" line="515" time="0.002" /><testcase classname="tests.test_security.TestCheckEnvFileSecurity" name="test_env_with_api_key_warns" file="tests/test_security.py" line="524" time="0.002" /><testcase classname="tests.test_security.TestCheckEnvFileSecurity" name="test_env_with_private_key_warns" file="tests/test_security.py" line="533" time="0.001" /><testcase classname="tests.test_security.TestCheckEnvFileSecurity" name="test_env_with_commented_secret_no_warning" file="tests/test_security.py" line="541" time="0.002" /><testcase classname="tests.test_security.TestCheckEnvFileSecurity" name="test_env_without_secrets_no_warning" file="tests/test_security.py" line="554" time="0.002" /><testcase classname="tests.test_security.TestCheckEnvFileSecurity" name="test_advisory_mentions_alternatives" file="tests/test_security.py" line="567" time="0.002" /><testcase classname="tests.test_security.TestIsHttpAllowed" name="test_default_is_false" file="tests/test_security.py" line="592" time="0.001" /><testcase classname="tests.test_security.TestIsHttpAllowed" name="test_true" file="tests/test_security.py" line="595" time="0.001" /><testcase classname="tests.test_security.TestIsHttpAllowed" name="test_1" file="tests/test_security.py" line="599" time="0.000" /><testcase classname="tests.test_security.TestIsHttpAllowed" name="test_yes" file="tests/test_security.py" line="603" time="0.001" /><testcase classname="tests.test_security.TestIsHttpAllowed" name="test_false" file="tests/test_security.py" line="607" time="0.003" /><testcase classname="tests.test_security.TestIsHttpAllowed" name="test_empty_is_false" file="tests/test_security.py" line="611" time="0.001" /><testcase classname="tests.test_security.TestIsHttpAllowed" name="test_whitespace_is_false" file="tests/test_security.py" line="615" time="0.001" /><testcase classname="tests.test_security.TestEnforceHttpsPolicy" name="test_localhost_always_allowed" file="tests/test_security.py" line="627" time="0.001" /><testcase classname="tests.test_security.TestEnforceHttpsPolicy" name="test_localhost_ipv6_allowed" file="tests/test_security.py" line="630" time="0.001" /><testcase classname="tests.test_security.TestEnforceHttpsPolicy" name="test_localhost_name_allowed" file="tests/test_security.py" line="633" time="0.001" /><testcase classname="tests.test_security.TestEnforceHttpsPolicy" name="test_tls_present_always_allowed" file="tests/test_security.py" line="636" time="0.001" /><testcase classname="tests.test_security.TestEnforceHttpsPolicy" name="test_non_localhost_no_tls_blocked" file="tests/test_security.py" line="639" time="0.001" /><testcase classname="tests.test_security.TestEnforceHttpsPolicy" name="test_non_localhost_no_tls_specific_ip_blocked" file="tests/test_security.py" line="643" time="0.001" /><testcase classname="tests.test_security.TestEnforceHttpsPolicy" name="test_allow_http_bypasses" file="tests/test_security.py" line="647" time="0.001" /><testcase classname="tests.test_security.TestEnforceHttpsPolicy" name="test_error_message_contains_instructions" file="tests/test_security.py" line="651" time="0.001" /><testcase classname="tests.test_security.TestGetAllowedSourceIps" name="test_unset_returns_none" file="tests/test_security.py" line="668" time="0.000" /><testcase classname="tests.test_security.TestGetAllowedSourceIps" name="test_empty_returns_none" file="tests/test_security.py" line="671" time="0.001" /><testcase classname="tests.test_security.TestGetAllowedSourceIps" name="test_whitespace_returns_none" file="tests/test_security.py" line="675" time="0.000" /><testcase classname="tests.test_security.TestGetAllowedSourceIps" name="test_single_ip" file="tests/test_security.py" line="679" time="0.000" /><testcase classname="tests.test_security.TestGetAllowedSourceIps" name="test_multiple_ips" file="tests/test_security.py" line="683" time="0.000" /><testcase classname="tests.test_security.TestGetAllowedSourceIps" name="test_wildcard" file="tests/test_security.py" line="690" time="0.001" /><testcase classname="tests.test_security.TestIpMatches" name="test_exact_match" file="tests/test_security.py" line="697" time="0.001" /><testcase classname="tests.test_security.TestIpMatches" name="test_exact_no_match" file="tests/test_security.py" line="700" time="0.001" /><testcase classname="tests.test_security.TestIpMatches" name="test_cidr_match" file="tests/test_security.py" line="703" time="0.000" /><testcase classname="tests.test_security.TestIpMatches" name="test_cidr_no_match" file="tests/test_security.py" line="706" time="0.000" /><testcase classname="tests.test_security.TestIpMatches" name="test_wildcard_star" file="tests/test_security.py" line="709" time="0.000" /><testcase classname="tests.test_security.TestIpMatches" name="test_wildcard_cidr_all" file="tests/test_security.py" line="712" time="0.000" /><testcase classname="tests.test_security.TestIpMatches" name="test_multiple_entries" file="tests/test_security.py" line="715" time="0.001" /><testcase classname="tests.test_security.TestIpMatches" name="test_invalid_client_ip" file="tests/test_security.py" line="721" time="0.000" /><testcase classname="tests.test_security.TestIpMatches" name="test_ipv6_match" file="tests/test_security.py" line="724" time="0.000" /><testcase classname="tests.test_security.TestIpMatches" name="test_ipv6_no_match" file="tests/test_security.py" line="727" time="0.000" /><testcase classname="tests.test_security.TestIpMatches" name="test_empty_list" file="tests/test_security.py" line="730" time="0.000" /><testcase classname="tests.test_security.TestIpMatches" name="test_invalid_cidr_skipped" file="tests/test_security.py" line="733" time="0.000" /><testcase classname="tests.test_security.TestLogSecurityPostureNewFields" name="test_http_policy_blocked_default" file="tests/test_security.py" line="749" time="0.001" /><testcase classname="tests.test_security.TestLogSecurityPostureNewFields" name="test_http_policy_allowed_explicit" file="tests/test_security.py" line="754" time="0.001" /><testcase classname="tests.test_security.TestLogSecurityPostureNewFields" name="test_http_policy_localhost" file="tests/test_security.py" line="760" time="0.001" /><testcase classname="tests.test_security.TestLogSecurityPostureNewFields" name="test_http_policy_tls_active" file="tests/test_security.py" line="765" time="0.001" /><testcase classname="tests.test_security.TestLogSecurityPostureNewFields" name="test_source_ip_disabled" file="tests/test_security.py" line="771" time="0.001" /><testcase classname="tests.test_security.TestLogSecurityPostureNewFields" name="test_source_ip_with_allowlist" file="tests/test_security.py" line="776" time="0.001" /><testcase classname="tests.test_security.TestLogSecurityPostureNewFields" name="test_source_ip_allow_all" file="tests/test_security.py" line="783" time="0.001" /><testcase classname="tests.test_server.TestZscalerMCPServer" name="test_get_available_services" file="tests/test_server.py" line="134" time="0.007" /><testcase classname="tests.test_server.TestZscalerMCPServer" name="test_get_available_services_with_both_disabled" file="tests/test_server.py" line="199" time="0.007" /><testcase classname="tests.test_server.TestZscalerMCPServer" name="test_get_available_services_with_disabled_services" file="tests/test_server.py" line="160" time="0.006" /><testcase classname="tests.test_server.TestZscalerMCPServer" name="test_get_available_services_with_disabled_tools" file="tests/test_server.py" line="181" time="0.007" /><testcase classname="tests.test_server.TestZscalerMCPServer" name="test_register_resources" file="tests/test_server.py" line="245" time="0.006" /><testcase classname="tests.test_server.TestZscalerMCPServer" name="test_register_tools" file="tests/test_server.py" line="220" time="0.010" /><testcase classname="tests.test_server.TestZscalerMCPServer" name="test_server_configuration_storage" file="tests/test_server.py" line="265" time="0.012" /><testcase classname="tests.test_server.TestZscalerMCPServer" name="test_server_default_enabled_services" file="tests/test_server.py" line="296" time="0.007" /><testcase classname="tests.test_server.TestZscalerMCPServer" name="test_server_initialization" file="tests/test_server.py" line="20" time="0.043" /><testcase classname="tests.test_server.TestZscalerMCPServer" name="test_server_legacy_mode" file="tests/test_server.py" line="78" time="0.007" /><testcase classname="tests.test_server.TestZscalerMCPServer" name="test_server_run_method" file="tests/test_server.py" line="339" time="0.010" /><testcase classname="tests.test_server.TestZscalerMCPServer" name="test_server_service_initialization_failure" file="tests/test_server.py" line="314" time="0.001" /><testcase classname="tests.test_server.TestZscalerMCPServer" name="test_server_with_enabled_tools" file="tests/test_server.py" line="96" time="0.002" /><testcase classname="tests.test_server.TestZscalerMCPServer" name="test_server_with_specific_services" file="tests/test_server.py" line="60" time="0.002" /><testcase classname="tests.test_server.TestZscalerMCPServer" name="test_zscaler_check_connectivity" file="tests/test_server.py" line="113" time="0.005" /><testcase classname="tests.test_server.TestDisabledToolsAndServices" name="test_disabled_services_removes_from_enabled" file="tests/test_server.py" line="402" time="0.006" /><testcase classname="tests.test_server.TestDisabledToolsAndServices" name="test_disabled_services_stored" file="tests/test_server.py" line="394" time="0.005" /><testcase classname="tests.test_server.TestDisabledToolsAndServices" name="test_disabled_services_with_enabled_services" file="tests/test_server.py" line="414" time="0.004" /><testcase classname="tests.test_server.TestDisabledToolsAndServices" name="test_disabled_tools_none_by_default" file="tests/test_server.py" line="386" time="0.006" /><testcase classname="tests.test_server.TestDisabledToolsAndServices" name="test_disabled_tools_passed_to_register_tools" file="tests/test_server.py" line="426" time="0.002" /><testcase classname="tests.test_server.TestDisabledToolsAndServices" name="test_disabled_tools_stored" file="tests/test_server.py" line="378" time="0.007" /><testcase classname="tests.test_server.TestZscalerMCPServerAuth" name="test_auth_param_none_by_default" file="tests/test_server.py" line="458" time="0.006" /><testcase classname="tests.test_server.TestZscalerMCPServerAuth" name="test_auth_param_stored" file="tests/test_server.py" line="448" time="0.007" /><testcase classname="tests.test_server.TestZscalerMCPServerAuth" name="test_build_fastmcp_auth_app_sse" file="tests/test_server.py" line="560" time="0.386" /><testcase classname="tests.test_server.TestZscalerMCPServerAuth" name="test_build_fastmcp_auth_app_streamable_http" file="tests/test_server.py" line="530" time="0.008" /><testcase classname="tests.test_server.TestZscalerMCPServerAuth" name="test_run_http_with_auth_skips_env_middleware" file="tests/test_server.py" line="484" time="0.008" /><testcase classname="tests.test_server.TestZscalerMCPServerAuth" name="test_run_http_without_auth_uses_env_middleware" file="tests/test_server.py" line="511" time="0.007" /><testcase classname="tests.test_server.TestZscalerMCPServerAuth" name="test_run_stdio_ignores_auth" file="tests/test_server.py" line="467" time="0.007" /><testcase classname="tests.test_server.TestSearchTools" name="test_search_by_description_contains" file="tests/test_server.py" line="608" time="0.006" /><testcase classname="tests.test_server.TestSearchTools" name="test_search_by_name_contains" file="tests/test_server.py" line="602" time="0.006" /><testcase classname="tests.test_server.TestSearchTools" name="test_search_by_service" file="tests/test_server.py" line="596" time="0.004" /><testcase classname="tests.test_server.TestSearchTools" name="test_search_case_insensitive_description" file="tests/test_server.py" line="665" time="0.003" /><testcase classname="tests.test_server.TestSearchTools" name="test_search_case_insensitive_name" file="tests/test_server.py" line="657" time="0.003" /><testcase classname="tests.test_server.TestSearchTools" name="test_search_combined_filters" file="tests/test_server.py" line="620" time="0.003" /><testcase classname="tests.test_server.TestSearchTools" name="test_search_no_filters_returns_full_catalog" file="tests/test_server.py" line="647" time="0.006" /><testcase classname="tests.test_server.TestSearchTools" name="test_search_no_results" file="tests/test_server.py" line="614" time="0.006" /><testcase classname="tests.test_server.TestSearchTools" name="test_search_service_filter_unknown_service_returns_no_results" file="tests/test_server.py" line="673" time="0.006" /><testcase classname="tests.test_server.TestSearchTools" name="test_search_with_invalid_jmespath" file="tests/test_server.py" line="641" time="0.006" /><testcase classname="tests.test_server.TestSearchTools" name="test_search_with_jmespath_query" file="tests/test_server.py" line="627" time="0.007" /><testcase classname="tests.test_server.TestSearchTools" name="test_search_with_jmespath_type_filter" file="tests/test_server.py" line="634" time="0.007" /><testcase classname="tests.test_streamable_http_transport.TestStreamableHttpTransport" name="test_non_streamable_http_transport_unchanged" file="tests/test_streamable_http_transport.py" line="87" time="0.006" /><testcase classname="tests.test_streamable_http_transport.TestStreamableHttpTransport" name="test_sse_transport_custom_parameters" file="tests/test_streamable_http_transport.py" line="275" time="0.013" /><testcase classname="tests.test_streamable_http_transport.TestStreamableHttpTransport" name="test_sse_transport_default_parameters" file="tests/test_streamable_http_transport.py" line="241" time="0.008" /><testcase classname="tests.test_streamable_http_transport.TestStreamableHttpTransport" name="test_sse_transport_initialization" file="tests/test_streamable_http_transport.py" line="202" time="0.013" /><testcase classname="tests.test_streamable_http_transport.TestStreamableHttpTransport" name="test_stdio_transport_uses_original_method" file="tests/test_streamable_http_transport.py" line="315" time="0.007" /><testcase classname="tests.test_streamable_http_transport.TestStreamableHttpTransport" name="test_streamable_http_custom_parameters" file="tests/test_streamable_http_transport.py" line="114" time="0.017" /><testcase classname="tests.test_streamable_http_transport.TestStreamableHttpTransport" name="test_streamable_http_default_parameters" file="tests/test_streamable_http_transport.py" line="53" time="0.008" /><testcase classname="tests.test_streamable_http_transport.TestStreamableHttpTransport" name="test_streamable_http_logging_levels" file="tests/test_streamable_http_transport.py" line="154" time="0.056" /><testcase classname="tests.test_streamable_http_transport.TestStreamableHttpTransport" name="test_streamable_http_transport_initialization" file="tests/test_streamable_http_transport.py" line="14" time="0.013" /><testcase classname="tests.test_streamable_http_transport.TestStreamableHttpTransport" name="test_transport_methods_dont_interfere" file="tests/test_streamable_http_transport.py" line="343" time="0.014" /><testcase classname="tests.test_tool_helpers.TestRegisterReadToolsDisabled" name="test_disabled_all_results_in_zero" file="tests/test_tool_helpers.py" line="67" time="0.001" /><testcase classname="tests.test_tool_helpers.TestRegisterReadToolsDisabled" name="test_disabled_tools_applied_after_enabled_tools" file="tests/test_tool_helpers.py" line="55" time="0.002" /><testcase classname="tests.test_tool_helpers.TestRegisterReadToolsDisabled" name="test_exact_name_excluded" file="tests/test_tool_helpers.py" line="28" time="0.001" /><testcase classname="tests.test_tool_helpers.TestRegisterReadToolsDisabled" name="test_multiple_patterns" file="tests/test_tool_helpers.py" line="44" time="0.002" /><testcase classname="tests.test_tool_helpers.TestRegisterReadToolsDisabled" name="test_no_disabled_tools_registers_all" file="tests/test_tool_helpers.py" line="22" time="0.001" /><testcase classname="tests.test_tool_helpers.TestRegisterReadToolsDisabled" name="test_non_matching_pattern_excludes_nothing" file="tests/test_tool_helpers.py" line="73" time="0.001" /><testcase classname="tests.test_tool_helpers.TestRegisterReadToolsDisabled" name="test_wildcard_excludes_matching" file="tests/test_tool_helpers.py" line="37" time="0.001" /><testcase classname="tests.test_tool_helpers.TestRegisterWriteToolsDisabled" name="test_disabled_applied_before_allowlist_check" file="tests/test_tool_helpers.py" line="111" time="0.001" /><testcase classname="tests.test_tool_helpers.TestRegisterWriteToolsDisabled" name="test_exact_name_excluded" file="tests/test_tool_helpers.py" line="85" time="0.001" /><testcase classname="tests.test_tool_helpers.TestRegisterWriteToolsDisabled" name="test_wildcard_excludes_matching" file="tests/test_tool_helpers.py" line="98" time="0.001" /><testcase classname="tests.test_tool_helpers.TestRegisterWriteToolsDisabled" name="test_write_disabled_still_skips_all" file="tests/test_tool_helpers.py" line="124" time="0.001" /><testcase classname="tests.test_tool_helpers_audit.TestSanitizeArgs" name="test_empty_dict" file="tests/test_tool_helpers_audit.py" line="48" time="0.001" /><testcase classname="tests.test_tool_helpers_audit.TestSanitizeArgs" name="test_preserves_normal_params" file="tests/test_tool_helpers_audit.py" line="44" time="0.000" /><testcase classname="tests.test_tool_helpers_audit.TestSanitizeArgs" name="test_private_key_redacted" file="tests/test_tool_helpers_audit.py" line="51" time="0.000" /><testcase classname="tests.test_tool_helpers_audit.TestSanitizeArgs" name="test_redacts_api_key" file="tests/test_tool_helpers_audit.py" line="31" time="0.000" /><testcase classname="tests.test_tool_helpers_audit.TestSanitizeArgs" name="test_redacts_key_substring_match" file="tests/test_tool_helpers_audit.py" line="35" time="0.000" /><testcase classname="tests.test_tool_helpers_audit.TestSanitizeArgs" name="test_redacts_password" file="tests/test_tool_helpers_audit.py" line="18" time="0.000" /><testcase classname="tests.test_tool_helpers_audit.TestSanitizeArgs" name="test_redacts_secret" file="tests/test_tool_helpers_audit.py" line="23" time="0.000" /><testcase classname="tests.test_tool_helpers_audit.TestSanitizeArgs" name="test_redacts_token" file="tests/test_tool_helpers_audit.py" line="27" time="0.001" /><testcase classname="tests.test_tool_helpers_audit.TestSanitizeArgs" name="test_skips_none_values" file="tests/test_tool_helpers_audit.py" line="39" time="0.001" /><testcase classname="tests.test_tool_helpers_audit.TestSummarizeResult" name="test_dict_with_error" file="tests/test_tool_helpers_audit.py" line="78" time="0.000" /><testcase classname="tests.test_tool_helpers_audit.TestSummarizeResult" name="test_dict_with_keys" file="tests/test_tool_helpers_audit.py" line="83" time="0.000" /><testcase classname="tests.test_tool_helpers_audit.TestSummarizeResult" name="test_empty_list" file="tests/test_tool_helpers_audit.py" line="62" time="0.000" /><testcase classname="tests.test_tool_helpers_audit.TestSummarizeResult" name="test_error_truncation" file="tests/test_tool_helpers_audit.py" line="90" time="0.000" /><testcase classname="tests.test_tool_helpers_audit.TestSummarizeResult" name="test_list_with_items" file="tests/test_tool_helpers_audit.py" line="59" time="0.000" /><testcase classname="tests.test_tool_helpers_audit.TestSummarizeResult" name="test_non_dict_non_list" file="tests/test_tool_helpers_audit.py" line="87" time="0.000" /><testcase classname="tests.test_tool_helpers_audit.TestSummarizeResult" name="test_single_dict_no_data_status" file="tests/test_tool_helpers_audit.py" line="74" time="0.000" /><testcase classname="tests.test_tool_helpers_audit.TestSummarizeResult" name="test_single_dict_with_error" file="tests/test_tool_helpers_audit.py" line="65" time="0.000" /><testcase classname="tests.test_tool_helpers_audit.TestSummarizeResult" name="test_single_dict_with_nodes" file="tests/test_tool_helpers_audit.py" line="70" time="0.000" /><testcase classname="tests.test_tool_helpers_audit.TestWrapWithAudit" name="test_disabled_logging_bypasses_audit" file="tests/test_tool_helpers_audit.py" line="134" time="0.001" /><testcase classname="tests.test_tool_helpers_audit.TestWrapWithAudit" name="test_exception_is_reraised" file="tests/test_tool_helpers_audit.py" line="110" time="0.001" /><testcase classname="tests.test_tool_helpers_audit.TestWrapWithAudit" name="test_logs_call_and_result" file="tests/test_tool_helpers_audit.py" line="116" time="0.001" /><testcase classname="tests.test_tool_helpers_audit.TestWrapWithAudit" name="test_logs_error_on_exception" file="tests/test_tool_helpers_audit.py" line="125" time="0.001" /><testcase classname="tests.test_tool_helpers_audit.TestWrapWithAudit" name="test_successful_call_returns_result" file="tests/test_tool_helpers_audit.py" line="103" time="0.001" /><testcase classname="tests.test_tool_helpers_audit.TestRegisterWriteToolsEdgeCases" name="test_allowlist_wildcard_matches" file="tests/test_tool_helpers_audit.py" line="166" time="0.002" /><testcase classname="tests.test_tool_helpers_audit.TestRegisterWriteToolsEdgeCases" name="test_enabled_tools_filter_with_write" file="tests/test_tool_helpers_audit.py" line="178" time="0.001" /><testcase classname="tests.test_tool_helpers_audit.TestRegisterWriteToolsEdgeCases" name="test_write_disabled_returns_zero" file="tests/test_tool_helpers_audit.py" line="149" time="0.001" /><testcase classname="tests.test_tool_helpers_audit.TestRegisterWriteToolsEdgeCases" name="test_write_enabled_empty_allowlist_returns_zero" file="tests/test_tool_helpers_audit.py" line="161" time="0.001" /><testcase classname="tests.test_tool_helpers_audit.TestRegisterWriteToolsEdgeCases" name="test_write_enabled_no_allowlist_returns_zero" file="tests/test_tool_helpers_audit.py" line="155" time="0.001" /><testcase classname="tests.test_tool_helpers_audit.TestRegisterReadToolsEdgeCases" name="test_empty_tools_list" file="tests/test_tool_helpers_audit.py" line="213" time="0.001" /><testcase classname="tests.test_tool_helpers_audit.TestRegisterReadToolsEdgeCases" name="test_enabled_tools_filter" file="tests/test_tool_helpers_audit.py" line="200" time="0.001" /><testcase classname="tests.test_tool_helpers_audit.TestRegisterReadToolsEdgeCases" name="test_tool_annotations_set_readonly" file="tests/test_tool_helpers_audit.py" line="217" time="0.001" /><testcase classname="tests.test_user_agent.TestUserAgent" name="test_user_agent_comment_with_special_characters" file="tests/test_user_agent.py" line="99" time="0.005" /><testcase classname="tests.test_user_agent.TestUserAgent" name="test_user_agent_contains_expected_components" file="tests/test_user_agent.py" line="51" time="0.002" /><testcase classname="tests.test_user_agent.TestUserAgent" name="test_user_agent_format_matches_specification" file="tests/test_user_agent.py" line="85" time="0.002" /><testcase classname="tests.test_user_agent.TestUserAgent" name="test_user_agent_format_with_comment" file="tests/test_user_agent.py" line="37" time="0.002" /><testcase classname="tests.test_user_agent.TestUserAgent" name="test_user_agent_format_without_comment" file="tests/test_user_agent.py" line="14" time="0.002" /><testcase classname="tests.test_user_agent.TestUserAgent" name="test_user_agent_with_empty_comment" file="tests/test_user_agent.py" line="69" time="0.003" /><testcase classname="tests.test_user_agent.TestUserAgent" name="test_user_agent_with_none_comment" file="tests/test_user_agent.py" line="77" time="0.003" /><testcase classname="tests.zcc.test_zcc_tools.TestZccListDevices" name="test_list_devices_success" file="tests/zcc/test_zcc_tools.py" line="125" time="0.003" /><testcase classname="tests.zcc.test_zcc_tools.TestZccListDevices" name="test_list_devices_with_username_filter" file="tests/zcc/test_zcc_tools.py" line="142" time="0.003" /><testcase classname="tests.zcc.test_zcc_tools.TestZccListDevices" name="test_list_devices_with_os_type_filter" file="tests/zcc/test_zcc_tools.py" line="160" time="0.003" /><testcase classname="tests.zcc.test_zcc_tools.TestZccListDevices" name="test_list_devices_with_pagination" file="tests/zcc/test_zcc_tools.py" line="176" time="0.002" /><testcase classname="tests.zcc.test_zcc_tools.TestZccListDevices" name="test_list_devices_with_all_params" file="tests/zcc/test_zcc_tools.py" line="192" time="0.003" /><testcase classname="tests.zcc.test_zcc_tools.TestZccListDevices" name="test_list_devices_with_error" file="tests/zcc/test_zcc_tools.py" line="215" time="0.001" /><testcase classname="tests.zcc.test_zcc_tools.TestZccListDevices" name="test_list_devices_legacy_mode" file="tests/zcc/test_zcc_tools.py" line="227" time="0.003" /><testcase classname="tests.zcc.test_zcc_tools.TestZccDevicesCsvExporter" name="test_export_devices_csv_default" file="tests/zcc/test_zcc_tools.py" line="250" time="0.002" /><testcase classname="tests.zcc.test_zcc_tools.TestZccDevicesCsvExporter" name="test_export_service_status_csv" file="tests/zcc/test_zcc_tools.py" line="268" time="0.001" /><testcase classname="tests.zcc.test_zcc_tools.TestZccDevicesCsvExporter" name="test_export_with_os_type_filter" file="tests/zcc/test_zcc_tools.py" line="284" time="0.001" /><testcase classname="tests.zcc.test_zcc_tools.TestZccDevicesCsvExporter" name="test_export_with_registration_type_filter" file="tests/zcc/test_zcc_tools.py" line="299" time="0.001" /><testcase classname="tests.zcc.test_zcc_tools.TestZccDevicesCsvExporter" name="test_export_with_custom_filename" file="tests/zcc/test_zcc_tools.py" line="314" time="0.001" /><testcase classname="tests.zcc.test_zcc_tools.TestZccDevicesCsvExporter" name="test_export_with_all_params" file="tests/zcc/test_zcc_tools.py" line="329" time="0.001" /><testcase classname="tests.zcc.test_zcc_tools.TestZccDevicesCsvExporter" name="test_export_invalid_dataset" file="tests/zcc/test_zcc_tools.py" line="353" time="0.001" /><testcase classname="tests.zcc.test_zcc_tools.TestZccDevicesCsvExporter" name="test_export_legacy_mode" file="tests/zcc/test_zcc_tools.py" line="364" time="0.002" /><testcase classname="tests.zcc.test_zcc_tools.TestZccListForwardingProfiles" name="test_list_profiles_success" file="tests/zcc/test_zcc_tools.py" line="387" time="0.002" /><testcase classname="tests.zcc.test_zcc_tools.TestZccListForwardingProfiles" name="test_list_profiles_with_pagination" file="tests/zcc/test_zcc_tools.py" line="408" time="0.002" /><testcase classname="tests.zcc.test_zcc_tools.TestZccListForwardingProfiles" name="test_list_profiles_with_search" file="tests/zcc/test_zcc_tools.py" line="428" time="0.002" /><testcase classname="tests.zcc.test_zcc_tools.TestZccListForwardingProfiles" name="test_list_profiles_with_all_params" file="tests/zcc/test_zcc_tools.py" line="448" time="0.002" /><testcase classname="tests.zcc.test_zcc_tools.TestZccListForwardingProfiles" name="test_list_profiles_with_error" file="tests/zcc/test_zcc_tools.py" line="468" time="0.001" /><testcase classname="tests.zcc.test_zcc_tools.TestZccListForwardingProfiles" name="test_list_profiles_legacy_mode" file="tests/zcc/test_zcc_tools.py" line="480" time="0.002" /><testcase classname="tests.zcc.test_zcc_tools.TestZccListTrustedNetworks" name="test_list_networks_success" file="tests/zcc/test_zcc_tools.py" line="507" time="0.002" /><testcase classname="tests.zcc.test_zcc_tools.TestZccListTrustedNetworks" name="test_list_networks_with_pagination" file="tests/zcc/test_zcc_tools.py" line="528" time="0.003" /><testcase classname="tests.zcc.test_zcc_tools.TestZccListTrustedNetworks" name="test_list_networks_with_search" file="tests/zcc/test_zcc_tools.py" line="548" time="0.002" /><testcase classname="tests.zcc.test_zcc_tools.TestZccListTrustedNetworks" name="test_list_networks_with_all_params" file="tests/zcc/test_zcc_tools.py" line="568" time="0.002" /><testcase classname="tests.zcc.test_zcc_tools.TestZccListTrustedNetworks" name="test_list_networks_with_error" file="tests/zcc/test_zcc_tools.py" line="588" time="0.001" /><testcase classname="tests.zcc.test_zcc_tools.TestZccListTrustedNetworks" name="test_list_networks_legacy_mode" file="tests/zcc/test_zcc_tools.py" line="600" time="0.002" /><testcase classname="tests.zdx.test_zdx_tools.TestZdxActiveDevices" name="test_list_devices_success" file="tests/zdx/test_zdx_tools.py" line="98" time="0.003" /><testcase classname="tests.zdx.test_zdx_tools.TestZdxActiveDevices" name="test_list_devices_with_filters" file="tests/zdx/test_zdx_tools.py" line="115" time="0.002" /><testcase classname="tests.zdx.test_zdx_tools.TestZdxActiveDevices" name="test_list_devices_with_error" file="tests/zdx/test_zdx_tools.py" line="131" time="0.003" /><testcase classname="tests.zdx.test_zdx_tools.TestZdxActiveDevices" name="test_get_device_success" file="tests/zdx/test_zdx_tools.py" line="143" time="0.002" /><testcase classname="tests.zdx.test_zdx_tools.TestZdxActiveDevices" name="test_get_device_with_filters" file="tests/zdx/test_zdx_tools.py" line="158" time="0.002" /><testcase classname="tests.zdx.test_zdx_tools.TestZdxActiveDevices" name="test_get_device_with_error" file="tests/zdx/test_zdx_tools.py" line="174" time="0.002" /><testcase classname="tests.zdx.test_zdx_tools.TestZdxAdministration" name="test_list_departments_success" file="tests/zdx/test_zdx_tools.py" line="195" time="0.002" /><testcase classname="tests.zdx.test_zdx_tools.TestZdxAdministration" name="test_list_departments_with_search" file="tests/zdx/test_zdx_tools.py" line="216" time="0.002" /><testcase classname="tests.zdx.test_zdx_tools.TestZdxAdministration" name="test_list_departments_with_error" file="tests/zdx/test_zdx_tools.py" line="234" time="0.002" /><testcase classname="tests.zdx.test_zdx_tools.TestZdxAdministration" name="test_list_locations_success" file="tests/zdx/test_zdx_tools.py" line="246" time="0.003" /><testcase classname="tests.zdx.test_zdx_tools.TestZdxAdministration" name="test_list_locations_with_search" file="tests/zdx/test_zdx_tools.py" line="266" time="0.002" /><testcase classname="tests.zdx.test_zdx_tools.TestZdxAdministration" name="test_list_locations_with_error" file="tests/zdx/test_zdx_tools.py" line="284" time="0.002" /><testcase classname="tests.zdx.test_zdx_tools.TestZdxApplications" name="test_list_applications_success" file="tests/zdx/test_zdx_tools.py" line="305" time="0.002" /><testcase classname="tests.zdx.test_zdx_tools.TestZdxApplications" name="test_list_applications_with_filters" file="tests/zdx/test_zdx_tools.py" line="325" time="0.002" /><testcase classname="tests.zdx.test_zdx_tools.TestZdxApplications" name="test_list_applications_with_error" file="tests/zdx/test_zdx_tools.py" line="343" time="0.002" /><testcase classname="tests.zdx.test_zdx_tools.TestZdxApplicationScore" name="test_get_application_success" file="tests/zdx/test_zdx_tools.py" line="364" time="0.002" /><testcase classname="tests.zdx.test_zdx_tools.TestZdxApplicationScore" name="test_get_application_score_trend_success" file="tests/zdx/test_zdx_tools.py" line="381" time="0.002" /><testcase classname="tests.zdx.test_zdx_tools.TestZdxApplicationScore" name="test_get_application_with_filters" file="tests/zdx/test_zdx_tools.py" line="398" time="0.003" /><testcase classname="tests.zdx.test_zdx_tools.TestZdxApplicationScore" name="test_get_application_with_error" file="tests/zdx/test_zdx_tools.py" line="416" time="0.002" /><testcase classname="tests.zdx.test_zdx_tools.TestZdxApplicationUser" name="test_list_application_users_success" file="tests/zdx/test_zdx_tools.py" line="437" time="0.002" /><testcase classname="tests.zdx.test_zdx_tools.TestZdxApplicationUser" name="test_list_application_users_with_score_bucket" file="tests/zdx/test_zdx_tools.py" line="458" time="0.002" /><testcase classname="tests.zdx.test_zdx_tools.TestZdxApplicationUser" name="test_get_application_user_success" file="tests/zdx/test_zdx_tools.py" line="475" time="0.002" /><testcase classname="tests.zdx.test_zdx_tools.TestZdxApplicationUser" name="test_list_application_users_with_error" file="tests/zdx/test_zdx_tools.py" line="493" time="0.002" /><testcase classname="tests.zdx.test_zdx_tools.TestZdxApplicationMetric" name="test_get_application_metric_success" file="tests/zdx/test_zdx_tools.py" line="514" time="0.002" /><testcase classname="tests.zdx.test_zdx_tools.TestZdxApplicationMetric" name="test_get_application_metric_with_filters" file="tests/zdx/test_zdx_tools.py" line="534" time="0.002" /><testcase classname="tests.zdx.test_zdx_tools.TestZdxApplicationMetric" name="test_get_application_metric_with_error" file="tests/zdx/test_zdx_tools.py" line="554" time="0.003" /><testcase classname="tests.zdx.test_zdx_tools.TestZdxAlerts" name="test_list_alerts_success" file="tests/zdx/test_zdx_tools.py" line="575" time="0.003" /><testcase classname="tests.zdx.test_zdx_tools.TestZdxAlerts" name="test_list_alerts_with_filters" file="tests/zdx/test_zdx_tools.py" line="597" time="0.002" /><testcase classname="tests.zdx.test_zdx_tools.TestZdxAlerts" name="test_get_alert_success" file="tests/zdx/test_zdx_tools.py" line="614" time="0.002" /><testcase classname="tests.zdx.test_zdx_tools.TestZdxAlerts" name="test_list_alert_affected_devices_success" file="tests/zdx/test_zdx_tools.py" line="635" time="0.002" /><testcase classname="tests.zdx.test_zdx_tools.TestZdxAlerts" name="test_list_alerts_with_error" file="tests/zdx/test_zdx_tools.py" line="656" time="0.002" /><testcase classname="tests.zdx.test_zdx_tools.TestZdxDeepTraces" name="test_list_device_deep_traces_success" file="tests/zdx/test_zdx_tools.py" line="677" time="0.002" /><testcase classname="tests.zdx.test_zdx_tools.TestZdxDeepTraces" name="test_get_device_deep_trace_success" file="tests/zdx/test_zdx_tools.py" line="702" time="0.003" /><testcase classname="tests.zdx.test_zdx_tools.TestZdxDeepTraces" name="test_list_device_deep_traces_with_error" file="tests/zdx/test_zdx_tools.py" line="720" time="0.002" /><testcase classname="tests.zdx.test_zdx_tools.TestZdxSoftwareInventory" name="test_list_software_success" file="tests/zdx/test_zdx_tools.py" line="741" time="0.002" /><testcase classname="tests.zdx.test_zdx_tools.TestZdxSoftwareInventory" name="test_list_software_with_filters" file="tests/zdx/test_zdx_tools.py" line="762" time="0.002" /><testcase classname="tests.zdx.test_zdx_tools.TestZdxSoftwareInventory" name="test_get_software_details_success" file="tests/zdx/test_zdx_tools.py" line="777" time="0.002" /><testcase classname="tests.zdx.test_zdx_tools.TestZdxSoftwareInventory" name="test_list_software_with_error" file="tests/zdx/test_zdx_tools.py" line="797" time="0.002" /><testcase classname="tests.zdx.test_zdx_tools.TestZdxHistoricalAlerts" name="test_list_historical_alerts_success" file="tests/zdx/test_zdx_tools.py" line="818" time="0.002" /><testcase classname="tests.zdx.test_zdx_tools.TestZdxHistoricalAlerts" name="test_list_historical_alerts_with_filters" file="tests/zdx/test_zdx_tools.py" line="840" time="0.002" /><testcase classname="tests.zdx.test_zdx_tools.TestZdxHistoricalAlerts" name="test_list_historical_alerts_with_error" file="tests/zdx/test_zdx_tools.py" line="861" time="0.003" /><testcase classname="tests.zdx.test_zdx_tools.TestZdxWorkflows" name="test_device_to_application_workflow" file="tests/zdx/test_zdx_tools.py" line="882" time="0.003" /><testcase classname="tests.zia.test_rule_labels.TestZiaListRuleLabels" name="test_list_labels_success" file="tests/zia/test_rule_labels.py" line="72" time="0.002" /><testcase classname="tests.zia.test_rule_labels.TestZiaListRuleLabels" name="test_list_labels_with_query_params" file="tests/zia/test_rule_labels.py" line="90" time="0.002" /><testcase classname="tests.zia.test_rule_labels.TestZiaListRuleLabels" name="test_list_labels_with_error" file="tests/zia/test_rule_labels.py" line="105" time="0.001" /><testcase classname="tests.zia.test_rule_labels.TestZiaListRuleLabels" name="test_list_labels_legacy_mode" file="tests/zia/test_rule_labels.py" line="117" time="0.002" /><testcase classname="tests.zia.test_rule_labels.TestZiaGetRuleLabel" name="test_get_label_success" file="tests/zia/test_rule_labels.py" line="135" time="0.002" /><testcase classname="tests.zia.test_rule_labels.TestZiaGetRuleLabel" name="test_get_label_with_error" file="tests/zia/test_rule_labels.py" line="152" time="0.001" /><testcase classname="tests.zia.test_rule_labels.TestZiaGetRuleLabel" name="test_get_label_missing_id" file="tests/zia/test_rule_labels.py" line="164" time="0.000" /><testcase classname="tests.zia.test_rule_labels.TestZiaGetRuleLabel" name="test_get_label_legacy_mode" file="tests/zia/test_rule_labels.py" line="171" time="0.002" /><testcase classname="tests.zia.test_rule_labels.TestZiaCreateRuleLabel" name="test_create_label_success" file="tests/zia/test_rule_labels.py" line="194" time="0.001" /><testcase classname="tests.zia.test_rule_labels.TestZiaCreateRuleLabel" name="test_create_label_without_description" file="tests/zia/test_rule_labels.py" line="212" time="0.001" /><testcase classname="tests.zia.test_rule_labels.TestZiaCreateRuleLabel" name="test_create_label_with_error" file="tests/zia/test_rule_labels.py" line="226" time="0.001" /><testcase classname="tests.zia.test_rule_labels.TestZiaCreateRuleLabel" name="test_create_label_missing_name" file="tests/zia/test_rule_labels.py" line="238" time="0.001" /><testcase classname="tests.zia.test_rule_labels.TestZiaUpdateRuleLabel" name="test_update_label_name_only" file="tests/zia/test_rule_labels.py" line="249" time="0.002" /><testcase classname="tests.zia.test_rule_labels.TestZiaUpdateRuleLabel" name="test_update_label_description_only" file="tests/zia/test_rule_labels.py" line="266" time="0.002" /><testcase classname="tests.zia.test_rule_labels.TestZiaUpdateRuleLabel" name="test_update_label_both_fields" file="tests/zia/test_rule_labels.py" line="282" time="0.001" /><testcase classname="tests.zia.test_rule_labels.TestZiaUpdateRuleLabel" name="test_update_label_missing_id" file="tests/zia/test_rule_labels.py" line="300" time="0.000" /><testcase classname="tests.zia.test_rule_labels.TestZiaUpdateRuleLabel" name="test_update_label_no_fields" file="tests/zia/test_rule_labels.py" line="307" time="0.000" /><testcase classname="tests.zia.test_rule_labels.TestZiaUpdateRuleLabel" name="test_update_label_with_error" file="tests/zia/test_rule_labels.py" line="316" time="0.001" /><testcase classname="tests.zia.test_rule_labels.TestZiaDeleteRuleLabel" name="test_delete_label_without_confirmation" file="tests/zia/test_rule_labels.py" line="332" time="0.001" /><testcase classname="tests.zia.test_rule_labels.TestZiaDeleteRuleLabel" name="test_delete_label_success" file="tests/zia/test_rule_labels.py" line="342" time="0.002" /><testcase classname="tests.zia.test_rule_labels.TestZiaDeleteRuleLabel" name="test_delete_label_with_error" file="tests/zia/test_rule_labels.py" line="355" time="0.002" /><testcase classname="tests.zia.test_rule_labels.TestZiaDeleteRuleLabel" name="test_delete_label_missing_id" file="tests/zia/test_rule_labels.py" line="366" time="0.001" /><testcase classname="tests.zia.test_rule_labels.TestZiaDeleteRuleLabel" name="test_delete_label_legacy_mode" file="tests/zia/test_rule_labels.py" line="371" time="0.002" /><testcase classname="tests.zia.test_rule_labels.TestRuleLabelWorkflow" name="test_full_crud_workflow" file="tests/zia/test_rule_labels.py" line="392" time="0.003" /><testcase classname="tests.zia.test_zia_tools.TestZiaUrlCategories" name="test_list_url_categories" file="tests/zia/test_zia_tools.py" line="29" time="0.002" /><testcase classname="tests.zia.test_zia_tools.TestZiaUrlCategories" name="test_get_url_category" file="tests/zia/test_zia_tools.py" line="41" time="0.001" /><testcase classname="tests.zia.test_zia_tools.TestZiaUrlCategories" name="test_url_lookup" file="tests/zia/test_zia_tools.py" line="53" time="0.002" /><testcase classname="tests.zia.test_zia_tools.TestZiaUrlCategories" name="test_create_url_category" file="tests/zia/test_zia_tools.py" line="65" time="0.001" /><testcase classname="tests.zia.test_zia_tools.TestZiaUrlCategories" name="test_list_url_categories_error" file="tests/zia/test_zia_tools.py" line="79" time="0.001" /><testcase classname="tests.zia.test_zia_tools.TestZiaUrlFilteringRules" name="test_list_url_filtering_rules" file="tests/zia/test_zia_tools.py" line="98" time="0.001" /><testcase classname="tests.zia.test_zia_tools.TestZiaUrlFilteringRules" name="test_get_url_filtering_rule" file="tests/zia/test_zia_tools.py" line="110" time="0.001" /><testcase classname="tests.zia.test_zia_tools.TestZiaUrlFilteringRules" name="test_list_url_filtering_rules_error" file="tests/zia/test_zia_tools.py" line="122" time="0.001" /><testcase classname="tests.zia.test_zia_tools.TestZiaCloudFirewallRules" name="test_list_cloud_firewall_rules" file="tests/zia/test_zia_tools.py" line="141" time="0.001" /><testcase classname="tests.zia.test_zia_tools.TestZiaCloudFirewallRules" name="test_get_cloud_firewall_rule" file="tests/zia/test_zia_tools.py" line="153" time="0.002" /><testcase classname="tests.zia.test_zia_tools.TestZiaCloudFirewallRules" name="test_list_cloud_firewall_rules_error" file="tests/zia/test_zia_tools.py" line="165" time="0.001" /><testcase classname="tests.zia.test_zia_tools.TestZiaIpDestinationGroups" name="test_list_ip_destination_groups" file="tests/zia/test_zia_tools.py" line="184" time="0.001" /><testcase classname="tests.zia.test_zia_tools.TestZiaIpDestinationGroups" name="test_get_ip_destination_group" file="tests/zia/test_zia_tools.py" line="196" time="0.002" /><testcase classname="tests.zia.test_zia_tools.TestZiaIpSourceGroups" name="test_list_ip_source_groups" file="tests/zia/test_zia_tools.py" line="216" time="0.002" /><testcase classname="tests.zia.test_zia_tools.TestZiaIpSourceGroups" name="test_get_ip_source_group" file="tests/zia/test_zia_tools.py" line="228" time="0.001" /><testcase classname="tests.zia.test_zia_tools.TestZiaNetworkServices" name="test_list_network_services" file="tests/zia/test_zia_tools.py" line="248" time="0.001" /><testcase classname="tests.zia.test_zia_tools.TestZiaNetworkServices" name="test_get_network_service" file="tests/zia/test_zia_tools.py" line="260" time="0.001" /><testcase classname="tests.zia.test_zia_tools.TestZiaLocationManagement" name="test_list_locations" file="tests/zia/test_zia_tools.py" line="280" time="0.002" /><testcase classname="tests.zia.test_zia_tools.TestZiaLocationManagement" name="test_get_location" file="tests/zia/test_zia_tools.py" line="292" time="0.001" /><testcase classname="tests.zia.test_zia_tools.TestZiaLocationManagement" name="test_list_locations_error" file="tests/zia/test_zia_tools.py" line="304" time="0.001" /><testcase classname="tests.zia.test_zia_tools.TestZiaDlpDictionaries" name="test_list_dlp_dictionaries" file="tests/zia/test_zia_tools.py" line="323" time="0.002" /><testcase classname="tests.zia.test_zia_tools.TestZiaDlpDictionaries" name="test_get_dlp_dictionary_by_id" file="tests/zia/test_zia_tools.py" line="335" time="0.002" /><testcase classname="tests.zia.test_zia_tools.TestZiaDlpDictionaries" name="test_list_dlp_dictionaries_lite" file="tests/zia/test_zia_tools.py" line="347" time="0.001" /><testcase classname="tests.zia.test_zia_tools.TestZiaWebDlpRules" name="test_list_web_dlp_rules" file="tests/zia/test_zia_tools.py" line="367" time="0.001" /><testcase classname="tests.zia.test_zia_tools.TestZiaWebDlpRules" name="test_get_web_dlp_rule" file="tests/zia/test_zia_tools.py" line="379" time="0.001" /><testcase classname="tests.zia.test_zia_tools.TestZiaWebDlpRules" name="test_list_web_dlp_rules_error" file="tests/zia/test_zia_tools.py" line="391" time="0.001" /><testcase classname="tests.zia.test_zia_tools.TestZiaUserManagement" name="test_list_users" file="tests/zia/test_zia_tools.py" line="410" time="0.003" /><testcase classname="tests.zia.test_zia_tools.TestZiaUserManagement" name="test_get_user_by_id" file="tests/zia/test_zia_tools.py" line="422" time="0.002" /><testcase classname="tests.zia.test_zia_tools.TestZiaUserGroups" name="test_list_user_groups" file="tests/zia/test_zia_tools.py" line="437" time="0.001" /><testcase classname="tests.zia.test_zia_tools.TestZiaUserGroups" name="test_get_user_group_by_id" file="tests/zia/test_zia_tools.py" line="449" time="0.001" /><testcase classname="tests.zia.test_zia_tools.TestZiaUserDepartments" name="test_list_user_departments" file="tests/zia/test_zia_tools.py" line="464" time="0.002" /><testcase classname="tests.zia.test_zia_tools.TestZiaStaticIps" name="test_list_static_ips" file="tests/zia/test_zia_tools.py" line="484" time="0.001" /><testcase classname="tests.zia.test_zia_tools.TestZiaStaticIps" name="test_get_static_ip" file="tests/zia/test_zia_tools.py" line="496" time="0.001" /><testcase classname="tests.zia.test_zia_tools.TestZiaVpnCredentials" name="test_list_vpn_credentials" file="tests/zia/test_zia_tools.py" line="511" time="0.001" /><testcase classname="tests.zia.test_zia_tools.TestZiaGreTunnels" name="test_list_gre_tunnels" file="tests/zia/test_zia_tools.py" line="526" time="0.001" /><testcase classname="tests.zia.test_zia_tools.TestZiaSandbox" name="test_get_sandbox_quota" file="tests/zia/test_zia_tools.py" line="546" time="0.001" /><testcase classname="tests.zia.test_zia_tools.TestZiaSandbox" name="test_sandbox_manager_invalid_action" file="tests/zia/test_zia_tools.py" line="559" time="0.001" /><testcase classname="tests.zia.test_zia_tools.TestZIAServiceRegistration" name="test_zia_service_exists_in_registry" file="tests/zia/test_zia_tools.py" line="575" time="0.000" /><testcase classname="tests.zia.test_zia_tools.TestZIAServiceRegistration" name="test_zia_service_has_both_tool_types" file="tests/zia/test_zia_tools.py" line="581" time="0.001" /><testcase classname="tests.zia.test_zia_tools.TestZIAServiceRegistration" name="test_all_zia_tools_have_naming_convention" file="tests/zia/test_zia_tools.py" line="588" time="0.001" /><testcase classname="tests.zid.test_zid_tools.TestZidGroups" name="test_list_groups" file="tests/zid/test_zid_tools.py" line="31" time="0.002" /><testcase classname="tests.zid.test_zid_tools.TestZidGroups" name="test_list_groups_with_jmespath" file="tests/zid/test_zid_tools.py" line="45" time="0.003" /><testcase classname="tests.zid.test_zid_tools.TestZidGroups" name="test_list_groups_error" file="tests/zid/test_zid_tools.py" line="62" time="0.001" /><testcase classname="tests.zid.test_zid_tools.TestZidGroups" name="test_get_group" file="tests/zid/test_zid_tools.py" line="73" time="0.001" /><testcase classname="tests.zid.test_zid_tools.TestZidGroups" name="test_get_group_missing_id" file="tests/zid/test_zid_tools.py" line="85" time="0.000" /><testcase classname="tests.zid.test_zid_tools.TestZidGroups" name="test_search_groups" file="tests/zid/test_zid_tools.py" line="91" time="0.001" /><testcase classname="tests.zid.test_zid_tools.TestZidGroups" name="test_search_groups_empty_name" file="tests/zid/test_zid_tools.py" line="104" time="0.000" /><testcase classname="tests.zid.test_zid_tools.TestZidGroups" name="test_get_group_users" file="tests/zid/test_zid_tools.py" line="110" time="0.002" /><testcase classname="tests.zid.test_zid_tools.TestZidGroups" name="test_get_group_users_missing_id" file="tests/zid/test_zid_tools.py" line="123" time="0.001" /><testcase classname="tests.zid.test_zid_tools.TestZidUsers" name="test_list_users" file="tests/zid/test_zid_tools.py" line="137" time="0.002" /><testcase classname="tests.zid.test_zid_tools.TestZidUsers" name="test_list_users_with_jmespath" file="tests/zid/test_zid_tools.py" line="150" time="0.002" /><testcase classname="tests.zid.test_zid_tools.TestZidUsers" name="test_list_users_error" file="tests/zid/test_zid_tools.py" line="166" time="0.001" /><testcase classname="tests.zid.test_zid_tools.TestZidUsers" name="test_get_user" file="tests/zid/test_zid_tools.py" line="177" time="0.001" /><testcase classname="tests.zid.test_zid_tools.TestZidUsers" name="test_get_user_missing_id" file="tests/zid/test_zid_tools.py" line="189" time="0.000" /><testcase classname="tests.zid.test_zid_tools.TestZidUsers" name="test_search_users_by_email" file="tests/zid/test_zid_tools.py" line="195" time="0.001" /><testcase classname="tests.zid.test_zid_tools.TestZidUsers" name="test_search_users_empty_name" file="tests/zid/test_zid_tools.py" line="210" time="0.000" /><testcase classname="tests.zid.test_zid_tools.TestZidUsers" name="test_get_user_groups" file="tests/zid/test_zid_tools.py" line="216" time="0.001" /><testcase classname="tests.zid.test_zid_tools.TestZidUsers" name="test_get_user_groups_missing_id" file="tests/zid/test_zid_tools.py" line="228" time="0.000" /><testcase classname="tests.zid.test_zid_tools.TestZIDServiceRegistration" name="test_zid_service_exists_in_registry" file="tests/zid/test_zid_tools.py" line="242" time="0.001" /><testcase classname="tests.zid.test_zid_tools.TestZIDServiceRegistration" name="test_zid_service_has_read_tools" file="tests/zid/test_zid_tools.py" line="248" time="0.001" /><testcase classname="tests.zid.test_zid_tools.TestZIDServiceRegistration" name="test_all_zid_tools_have_prefix" file="tests/zid/test_zid_tools.py" line="254" time="0.001" /><testcase classname="tests.zins.test_web_traffic_tools.TestWebTrafficTools" name="test_invalid_traffic_unit_raises_error" file="tests/zins/test_web_traffic_tools.py" line="18" time="0.001" /><testcase classname="tests.zins.test_web_traffic_tools.TestWebTrafficTools" name="test_invalid_time_range_raises_error" file="tests/zins/test_web_traffic_tools.py" line="32" time="0.000" /><testcase classname="tests.zins.test_web_traffic_tools.TestWebTrafficTools" name="test_invalid_limit_raises_error" file="tests/zins/test_web_traffic_tools.py" line="46" time="0.002" /><testcase classname="tests.zins.test_web_traffic_tools.TestWebTrafficTools" name="test_invalid_trend_interval_raises_error" file="tests/zins/test_web_traffic_tools.py" line="70" time="0.000" /><testcase classname="tests.zins.test_web_traffic_tools.TestWebTrafficTools" name="test_invalid_dlp_engine_filter_raises_error" file="tests/zins/test_web_traffic_tools.py" line="85" time="0.000" /><testcase classname="tests.zins.test_web_traffic_tools.TestWebTrafficTools" name="test_invalid_action_filter_raises_error" file="tests/zins/test_web_traffic_tools.py" line="100" time="0.000" /><testcase classname="tests.zins.test_web_traffic_tools.TestWebTrafficTools" name="test_get_web_traffic_by_location_success" file="tests/zins/test_web_traffic_tools.py" line="119" time="0.002" /><testcase classname="tests.zins.test_web_traffic_tools.TestWebTrafficTools" name="test_get_web_traffic_by_location_empty_result" file="tests/zins/test_web_traffic_tools.py" line="155" time="0.001" /><testcase classname="tests.zins.test_web_traffic_tools.TestWebTrafficTools" name="test_get_web_traffic_by_location_api_error" file="tests/zins/test_web_traffic_tools.py" line="182" time="0.001" /><testcase classname="tests.zins.test_web_traffic_tools.TestWebTrafficTools" name="test_get_web_protocols_success" file="tests/zins/test_web_traffic_tools.py" line="207" time="0.002" /><testcase classname="tests.zins.test_web_traffic_tools.TestWebTrafficTools" name="test_get_threat_super_categories_success" file="tests/zins/test_web_traffic_tools.py" line="239" time="0.001" /><testcase classname="tests.zins.test_web_traffic_tools.TestWebTrafficTools" name="test_get_threat_class_success" file="tests/zins/test_web_traffic_tools.py" line="269" time="0.002" /><testcase classname="tests.zins.test_web_traffic_tools.TestWebTrafficTools" name="test_get_web_traffic_no_grouping_with_filters" file="tests/zins/test_web_traffic_tools.py" line="297" time="0.001" /><testcase classname="tests.zins.test_web_traffic_tools.TestZINSServiceRegistration" name="test_zins_service_exists_in_registry" file="tests/zins/test_web_traffic_tools.py" line="335" time="0.000" /><testcase classname="tests.zins.test_web_traffic_tools.TestZINSServiceRegistration" name="test_zins_service_has_read_tools_only" file="tests/zins/test_web_traffic_tools.py" line="345" time="0.000" /><testcase classname="tests.zins.test_web_traffic_tools.TestZINSServiceRegistration" name="test_zins_service_tool_names" file="tests/zins/test_web_traffic_tools.py" line="354" time="0.001" /><testcase classname="tests.zins.test_zins_tools.TestZinsCommonValidation" name="test_validate_traffic_unit_valid" file="tests/zins/test_zins_tools.py" line="19" time="0.001" /><testcase classname="tests.zins.test_zins_tools.TestZinsCommonValidation" name="test_validate_traffic_unit_invalid" file="tests/zins/test_zins_tools.py" line="25" time="0.001" /><testcase classname="tests.zins.test_zins_tools.TestZinsCommonValidation" name="test_validate_trend_interval_valid" file="tests/zins/test_zins_tools.py" line="31" time="0.000" /><testcase classname="tests.zins.test_zins_tools.TestZinsCommonValidation" name="test_validate_trend_interval_invalid" file="tests/zins/test_zins_tools.py" line="38" time="0.001" /><testcase classname="tests.zins.test_zins_tools.TestZinsCommonValidation" name="test_validate_limit_valid" file="tests/zins/test_zins_tools.py" line="44" time="0.001" /><testcase classname="tests.zins.test_zins_tools.TestZinsCommonValidation" name="test_validate_limit_too_low" file="tests/zins/test_zins_tools.py" line="51" time="0.001" /><testcase classname="tests.zins.test_zins_tools.TestZinsCommonValidation" name="test_validate_limit_too_high" file="tests/zins/test_zins_tools.py" line="57" time="0.000" /><testcase classname="tests.zins.test_zins_tools.TestZinsCommonValidation" name="test_validate_dlp_engine_filter_valid" file="tests/zins/test_zins_tools.py" line="63" time="0.000" /><testcase classname="tests.zins.test_zins_tools.TestZinsCommonValidation" name="test_validate_dlp_engine_filter_invalid" file="tests/zins/test_zins_tools.py" line="70" time="0.001" /><testcase classname="tests.zins.test_zins_tools.TestZinsCommonValidation" name="test_validate_action_filter_valid" file="tests/zins/test_zins_tools.py" line="76" time="0.000" /><testcase classname="tests.zins.test_zins_tools.TestZinsCommonValidation" name="test_validate_action_filter_invalid" file="tests/zins/test_zins_tools.py" line="83" time="0.001" /><testcase classname="tests.zins.test_zins_tools.TestZinsCommonValidation" name="test_validate_sort_order_valid" file="tests/zins/test_zins_tools.py" line="89" time="0.000" /><testcase classname="tests.zins.test_zins_tools.TestZinsCommonValidation" name="test_validate_sort_order_invalid" file="tests/zins/test_zins_tools.py" line="96" time="0.001" /><testcase classname="tests.zins.test_zins_tools.TestZinsCommonValidation" name="test_validate_aggregation_valid" file="tests/zins/test_zins_tools.py" line="102" time="0.000" /><testcase classname="tests.zins.test_zins_tools.TestZinsCommonValidation" name="test_validate_aggregation_invalid" file="tests/zins/test_zins_tools.py" line="110" time="0.001" /><testcase classname="tests.zins.test_zins_tools.TestZinsCommonValidation" name="test_validate_casb_incident_type_valid" file="tests/zins/test_zins_tools.py" line="116" time="0.001" /><testcase classname="tests.zins.test_zins_tools.TestZinsCommonValidation" name="test_validate_casb_incident_type_invalid" file="tests/zins/test_zins_tools.py" line="123" time="0.001" /><testcase classname="tests.zins.test_zins_tools.TestZinsCommonValidation" name="test_validate_time_range_valid" file="tests/zins/test_zins_tools.py" line="129" time="0.000" /><testcase classname="tests.zins.test_zins_tools.TestZinsCommonValidation" name="test_validate_time_range_start_after_end" file="tests/zins/test_zins_tools.py" line="140" time="0.001" /><testcase classname="tests.zins.test_zins_tools.TestZinsCommonConversion" name="test_convert_sdk_results_empty" file="tests/zins/test_zins_tools.py" line="149" time="0.000" /><testcase classname="tests.zins.test_zins_tools.TestZinsCommonConversion" name="test_convert_sdk_results_with_as_dict" file="tests/zins/test_zins_tools.py" line="155" time="0.001" /><testcase classname="tests.zins.test_zins_tools.TestZinsCommonConversion" name="test_convert_sdk_results_with_dict" file="tests/zins/test_zins_tools.py" line="164" time="0.000" /><testcase classname="tests.zins.test_zins_tools.TestZinsCommonConversion" name="test_convert_sdk_results_fallback" file="tests/zins/test_zins_tools.py" line="170" time="0.000" /><testcase classname="tests.zins.test_zins_tools.TestZinsCommonResponseBuilders" name="test_create_no_data_response" file="tests/zins/test_zins_tools.py" line="180" time="0.000" /><testcase classname="tests.zins.test_zins_tools.TestZinsCommonResponseBuilders" name="test_create_error_response" file="tests/zins/test_zins_tools.py" line="188" time="0.000" /><testcase classname="tests.zins.test_zins_tools.TestZinsCommonResponseBuilders" name="test_create_success_response" file="tests/zins/test_zins_tools.py" line="195" time="0.000" /><testcase classname="tests.zins.test_zins_tools.TestZinsCommonResponseBuilders" name="test_build_query_kwargs_minimal" file="tests/zins/test_zins_tools.py" line="204" time="0.001" /><testcase classname="tests.zins.test_zins_tools.TestZinsCommonResponseBuilders" name="test_build_query_kwargs_full" file="tests/zins/test_zins_tools.py" line="213" time="0.000" /><testcase classname="tests.zins.test_zins_tools.TestZinsCommonTimeResolution" name="test_resolve_time_params_with_epoch" file="tests/zins/test_zins_tools.py" line="229" time="0.001" /><testcase classname="tests.zins.test_zins_tools.TestZinsCommonTimeResolution" name="test_resolve_time_params_with_days_ago" file="tests/zins/test_zins_tools.py" line="236" time="0.000" /><testcase classname="tests.zins.test_zins_tools.TestZinsCommonTimeResolution" name="test_resolve_time_params_defaults" file="tests/zins/test_zins_tools.py" line="242" time="0.000" /><testcase classname="tests.zins.test_zins_tools.TestZinsCommonTimeResolution" name="test_resolve_time_params_string_coercion" file="tests/zins/test_zins_tools.py" line="248" time="0.000" /><testcase classname="tests.zins.test_zins_tools.TestZinsCommonTimeResolution" name="test_resolve_time_params_invalid_string" file="tests/zins/test_zins_tools.py" line="255" time="0.000" /><testcase classname="tests.zins.test_zins_tools.TestZinsCommonTimeResolution" name="test_calculate_epoch_ms" file="tests/zins/test_zins_tools.py" line="261" time="0.000" /><testcase classname="tests.zins.test_zins_tools.TestZinsCommonGraphQLErrors" name="test_check_graphql_errors_no_response" file="tests/zins/test_zins_tools.py" line="273" time="0.000" /><testcase classname="tests.zins.test_zins_tools.TestZinsCommonGraphQLErrors" name="test_check_graphql_errors_no_errors" file="tests/zins/test_zins_tools.py" line="279" time="0.001" /><testcase classname="tests.zins.test_zins_tools.TestZinsCommonGraphQLErrors" name="test_check_graphql_errors_internal_error" file="tests/zins/test_zins_tools.py" line="287" time="0.001" /><testcase classname="tests.zins.test_zins_tools.TestZinsCommonGraphQLErrors" name="test_check_graphql_errors_bad_request" file="tests/zins/test_zins_tools.py" line="298" time="0.001" /><testcase classname="tests.zins.test_zins_tools.TestZinsCyberSecurity" name="test_validate_categorize_by_valid" file="tests/zins/test_zins_tools.py" line="317" time="0.000" /><testcase classname="tests.zins.test_zins_tools.TestZinsCyberSecurity" name="test_validate_categorize_by_invalid" file="tests/zins/test_zins_tools.py" line="322" time="0.001" /><testcase classname="tests.zins.test_zins_tools.TestZinsCyberSecurity" name="test_validate_categorize_by_with_id_valid" file="tests/zins/test_zins_tools.py" line="328" time="0.000" /><testcase classname="tests.zins.test_zins_tools.TestZinsCyberSecurity" name="test_validate_categorize_by_with_id_invalid" file="tests/zins/test_zins_tools.py" line="333" time="0.000" /><testcase classname="tests.zins.test_zins_tools.TestZinsShadowIt" name="test_get_shadow_it_apps_success" file="tests/zins/test_zins_tools.py" line="347" time="0.003" /><testcase classname="tests.zins.test_zins_tools.TestZInsightsServiceRegistration" name="test_zins_service_exists_in_registry" file="tests/zins/test_zins_tools.py" line="371" time="0.001" /><testcase classname="tests.zins.test_zins_tools.TestZInsightsServiceRegistration" name="test_zins_service_has_read_tools_only" file="tests/zins/test_zins_tools.py" line="377" time="0.000" /><testcase classname="tests.zins.test_zins_tools.TestZInsightsServiceRegistration" name="test_all_zins_tools_have_prefix" file="tests/zins/test_zins_tools.py" line="384" time="0.001" /><testcase classname="tests.zms.test_zms_tools.TestZMSServiceRegistration" name="test_zms_service_exists_in_registry" file="tests/zms/test_zms_tools.py" line="13" time="0.001" /><testcase classname="tests.zms.test_zms_tools.TestZMSServiceRegistration" name="test_zms_service_has_read_tools_only" file="tests/zms/test_zms_tools.py" line="23" time="0.000" /><testcase classname="tests.zms.test_zms_tools.TestZMSServiceRegistration" name="test_zms_service_tool_names" file="tests/zms/test_zms_tools.py" line="31" time="0.000" /><testcase classname="tests.zms.test_zms_tools.TestZMSServiceRegistration" name="test_all_zms_tools_have_zms_prefix" file="tests/zms/test_zms_tools.py" line="64" time="0.000" /><testcase classname="tests.zms.test_zms_tools.TestZMSAgentTools" name="test_list_agents_success" file="tests/zms/test_zms_tools.py" line="76" time="0.001" /><testcase classname="tests.zms.test_zms_tools.TestZMSAgentTools" name="test_list_agents_with_search" file="tests/zms/test_zms_tools.py" line="100" time="0.002" /><testcase classname="tests.zms.test_zms_tools.TestZMSAgentTools" name="test_list_agents_missing_customer_id" file="tests/zms/test_zms_tools.py" line="120" time="0.001" /><testcase classname="tests.zms.test_zms_tools.TestZMSAgentTools" name="test_list_agents_sdk_error" file="tests/zms/test_zms_tools.py" line="131" time="0.001" /><testcase classname="tests.zms.test_zms_tools.TestZMSAgentTools" name="test_get_agent_connection_status_statistics_success" file="tests/zms/test_zms_tools.py" line="150" time="0.001" /><testcase classname="tests.zms.test_zms_tools.TestZMSAgentTools" name="test_get_agent_version_statistics_success" file="tests/zms/test_zms_tools.py" line="168" time="0.001" /><testcase classname="tests.zms.test_zms_tools.TestZMSAgentGroupTools" name="test_list_agent_groups_success" file="tests/zms/test_zms_tools.py" line="190" time="0.001" /><testcase classname="tests.zms.test_zms_tools.TestZMSAgentGroupTools" name="test_get_agent_group_totp_secrets_success" file="tests/zms/test_zms_tools.py" line="211" time="0.002" /><testcase classname="tests.zms.test_zms_tools.TestZMSResourceTools" name="test_list_resources_success" file="tests/zms/test_zms_tools.py" line="233" time="0.011" /><testcase classname="tests.zms.test_zms_tools.TestZMSResourceTools" name="test_get_resource_protection_status_success" file="tests/zms/test_zms_tools.py" line="254" time="0.002" /><testcase classname="tests.zms.test_zms_tools.TestZMSResourceTools" name="test_get_metadata_success" file="tests/zms/test_zms_tools.py" line="275" time="0.002" /><testcase classname="tests.zms.test_zms_tools.TestZMSResourceGroupTools" name="test_list_resource_groups_success" file="tests/zms/test_zms_tools.py" line="297" time="0.001" /><testcase classname="tests.zms.test_zms_tools.TestZMSResourceGroupTools" name="test_get_resource_group_members_success" file="tests/zms/test_zms_tools.py" line="318" time="0.001" /><testcase classname="tests.zms.test_zms_tools.TestZMSPolicyRuleTools" name="test_list_policy_rules_success" file="tests/zms/test_zms_tools.py" line="343" time="0.002" /><testcase classname="tests.zms.test_zms_tools.TestZMSPolicyRuleTools" name="test_list_default_policy_rules_success" file="tests/zms/test_zms_tools.py" line="364" time="0.002" /><testcase classname="tests.zms.test_zms_tools.TestZMSAppZoneTools" name="test_list_app_zones_success" file="tests/zms/test_zms_tools.py" line="389" time="0.002" /><testcase classname="tests.zms.test_zms_tools.TestZMSAppCatalogTools" name="test_list_app_catalog_success" file="tests/zms/test_zms_tools.py" line="414" time="0.001" /><testcase classname="tests.zms.test_zms_tools.TestZMSNonceTools" name="test_list_nonces_success" file="tests/zms/test_zms_tools.py" line="439" time="0.001" /><testcase classname="tests.zms.test_zms_tools.TestZMSNonceTools" name="test_get_nonce_success" file="tests/zms/test_zms_tools.py" line="460" time="0.001" /><testcase classname="tests.zms.test_zms_tools.TestZMSTagTools" name="test_list_tag_namespaces_success" file="tests/zms/test_zms_tools.py" line="482" time="0.002" /><testcase classname="tests.zms.test_zms_tools.TestZMSTagTools" name="test_list_tag_keys_success" file="tests/zms/test_zms_tools.py" line="503" time="0.001" /><testcase classname="tests.zms.test_zms_tools.TestZMSTagTools" name="test_list_tag_values_success" file="tests/zms/test_zms_tools.py" line="524" time="0.001" /><testcase classname="tests.zms.test_zms_tools.TestZMSTagTools" name="test_list_tag_values_empty_result" file="tests/zms/test_zms_tools.py" line="545" time="0.002" /><testcase classname="tests.zpa.test_zpa_tools.TestZpaAppSegments" name="test_list_application_segments" file="tests/zpa/test_zpa_tools.py" line="63" time="0.005" /><testcase classname="tests.zpa.test_zpa_tools.TestZpaAppSegments" name="test_list_application_segments_with_search" file="tests/zpa/test_zpa_tools.py" line="75" time="0.004" /><testcase classname="tests.zpa.test_zpa_tools.TestZpaAppSegments" name="test_list_application_segments_error" file="tests/zpa/test_zpa_tools.py" line="86" time="0.004" /><testcase classname="tests.zpa.test_zpa_tools.TestZpaAppSegments" name="test_get_application_segment" file="tests/zpa/test_zpa_tools.py" line="96" time="0.004" /><testcase classname="tests.zpa.test_zpa_tools.TestZpaAppSegments" name="test_get_application_segment_error" file="tests/zpa/test_zpa_tools.py" line="107" time="0.004" /><testcase classname="tests.zpa.test_zpa_tools.TestZpaAppSegments" name="test_create_application_segment" file="tests/zpa/test_zpa_tools.py" line="117" time="0.004" /><testcase classname="tests.zpa.test_zpa_tools.TestZpaAppSegments" name="test_list_application_segments_legacy" file="tests/zpa/test_zpa_tools.py" line="131" time="0.004" /><testcase classname="tests.zpa.test_zpa_tools.TestZpaSegmentGroups" name="test_list_segment_groups" file="tests/zpa/test_zpa_tools.py" line="149" time="0.004" /><testcase classname="tests.zpa.test_zpa_tools.TestZpaSegmentGroups" name="test_get_segment_group" file="tests/zpa/test_zpa_tools.py" line="160" time="0.005" /><testcase classname="tests.zpa.test_zpa_tools.TestZpaSegmentGroups" name="test_create_segment_group" file="tests/zpa/test_zpa_tools.py" line="171" time="0.004" /><testcase classname="tests.zpa.test_zpa_tools.TestZpaSegmentGroups" name="test_list_segment_groups_error" file="tests/zpa/test_zpa_tools.py" line="182" time="0.004" /><testcase classname="tests.zpa.test_zpa_tools.TestZpaServerGroups" name="test_list_server_groups" file="tests/zpa/test_zpa_tools.py" line="200" time="0.005" /><testcase classname="tests.zpa.test_zpa_tools.TestZpaServerGroups" name="test_get_server_group" file="tests/zpa/test_zpa_tools.py" line="211" time="0.004" /><testcase classname="tests.zpa.test_zpa_tools.TestZpaServerGroups" name="test_create_server_group" file="tests/zpa/test_zpa_tools.py" line="222" time="0.004" /><testcase classname="tests.zpa.test_zpa_tools.TestZpaServerGroups" name="test_list_server_groups_error" file="tests/zpa/test_zpa_tools.py" line="233" time="0.004" /><testcase classname="tests.zpa.test_zpa_tools.TestZpaAppConnectorGroups" name="test_list_app_connector_groups" file="tests/zpa/test_zpa_tools.py" line="251" time="0.005" /><testcase classname="tests.zpa.test_zpa_tools.TestZpaAppConnectorGroups" name="test_get_app_connector_group" file="tests/zpa/test_zpa_tools.py" line="262" time="0.004" /><testcase classname="tests.zpa.test_zpa_tools.TestZpaAppConnectorGroups" name="test_create_app_connector_group" file="tests/zpa/test_zpa_tools.py" line="273" time="0.004" /><testcase classname="tests.zpa.test_zpa_tools.TestZpaAppConnectorGroups" name="test_list_app_connector_groups_error" file="tests/zpa/test_zpa_tools.py" line="286" time="0.047" /><testcase classname="tests.zpa.test_zpa_tools.TestZpaAppConnectors" name="test_list_app_connectors" file="tests/zpa/test_zpa_tools.py" line="304" time="0.004" /><testcase classname="tests.zpa.test_zpa_tools.TestZpaAppConnectors" name="test_get_app_connector" file="tests/zpa/test_zpa_tools.py" line="315" time="0.004" /><testcase classname="tests.zpa.test_zpa_tools.TestZpaAppConnectors" name="test_list_app_connectors_error" file="tests/zpa/test_zpa_tools.py" line="326" time="0.004" /><testcase classname="tests.zpa.test_zpa_tools.TestZpaApplicationServers" name="test_list_application_servers" file="tests/zpa/test_zpa_tools.py" line="344" time="0.004" /><testcase classname="tests.zpa.test_zpa_tools.TestZpaApplicationServers" name="test_get_application_server" file="tests/zpa/test_zpa_tools.py" line="355" time="0.004" /><testcase classname="tests.zpa.test_zpa_tools.TestZpaApplicationServers" name="test_create_application_server" file="tests/zpa/test_zpa_tools.py" line="366" time="0.004" /><testcase classname="tests.zpa.test_zpa_tools.TestZpaApplicationServers" name="test_list_application_servers_error" file="tests/zpa/test_zpa_tools.py" line="377" time="0.004" /><testcase classname="tests.zpa.test_zpa_tools.TestZpaBaCertificates" name="test_list_ba_certificates" file="tests/zpa/test_zpa_tools.py" line="395" time="0.005" /><testcase classname="tests.zpa.test_zpa_tools.TestZpaBaCertificates" name="test_get_ba_certificate" file="tests/zpa/test_zpa_tools.py" line="406" time="0.004" /><testcase classname="tests.zpa.test_zpa_tools.TestZpaBaCertificates" name="test_list_ba_certificates_error" file="tests/zpa/test_zpa_tools.py" line="417" time="0.005" /><testcase classname="tests.zpa.test_zpa_tools.TestZpaServiceEdgeGroups" name="test_list_service_edge_groups" file="tests/zpa/test_zpa_tools.py" line="435" time="0.004" /><testcase classname="tests.zpa.test_zpa_tools.TestZpaServiceEdgeGroups" name="test_get_service_edge_group" file="tests/zpa/test_zpa_tools.py" line="446" time="0.005" /><testcase classname="tests.zpa.test_zpa_tools.TestZpaServiceEdgeGroups" name="test_list_service_edge_groups_error" file="tests/zpa/test_zpa_tools.py" line="457" time="0.004" /><testcase classname="tests.zpa.test_zpa_tools.TestZpaProvisioningKeys" name="test_list_provisioning_keys" file="tests/zpa/test_zpa_tools.py" line="475" time="0.006" /><testcase classname="tests.zpa.test_zpa_tools.TestZpaProvisioningKeys" name="test_get_provisioning_key" file="tests/zpa/test_zpa_tools.py" line="486" time="0.004" /><testcase classname="tests.zpa.test_zpa_tools.TestZpaProvisioningKeys" name="test_list_provisioning_keys_error" file="tests/zpa/test_zpa_tools.py" line="497" time="0.004" /><testcase classname="tests.zpa.test_zpa_tools.TestZpaPraPortals" name="test_list_pra_portals" file="tests/zpa/test_zpa_tools.py" line="515" time="0.005" /><testcase classname="tests.zpa.test_zpa_tools.TestZpaPraPortals" name="test_get_pra_portal" file="tests/zpa/test_zpa_tools.py" line="526" time="0.004" /><testcase classname="tests.zpa.test_zpa_tools.TestZpaPraPortals" name="test_list_pra_portals_error" file="tests/zpa/test_zpa_tools.py" line="537" time="0.004" /><testcase classname="tests.zpa.test_zpa_tools.TestZpaPraCredentials" name="test_list_pra_credentials" file="tests/zpa/test_zpa_tools.py" line="555" time="0.005" /><testcase classname="tests.zpa.test_zpa_tools.TestZpaPraCredentials" name="test_get_pra_credential" file="tests/zpa/test_zpa_tools.py" line="566" time="0.004" /><testcase classname="tests.zpa.test_zpa_tools.TestZpaPraCredentials" name="test_list_pra_credentials_error" file="tests/zpa/test_zpa_tools.py" line="577" time="0.004" /><testcase classname="tests.zpa.test_zpa_tools.TestZpaAccessPolicyRules" name="test_list_access_policy_rules" file="tests/zpa/test_zpa_tools.py" line="595" time="0.004" /><testcase classname="tests.zpa.test_zpa_tools.TestZpaAccessPolicyRules" name="test_get_access_policy_rule" file="tests/zpa/test_zpa_tools.py" line="606" time="0.006" /><testcase classname="tests.zpa.test_zpa_tools.TestZpaAccessPolicyRules" name="test_list_access_policy_rules_error" file="tests/zpa/test_zpa_tools.py" line="617" time="0.004" /><testcase classname="tests.zpa.test_zpa_tools.TestZpaForwardingPolicyRules" name="test_list_forwarding_policy_rules" file="tests/zpa/test_zpa_tools.py" line="635" time="0.005" /><testcase classname="tests.zpa.test_zpa_tools.TestZpaForwardingPolicyRules" name="test_get_forwarding_policy_rule" file="tests/zpa/test_zpa_tools.py" line="646" time="0.005" /><testcase classname="tests.zpa.test_zpa_tools.TestZpaForwardingPolicyRules" name="test_list_forwarding_policy_rules_error" file="tests/zpa/test_zpa_tools.py" line="657" time="0.004" /><testcase classname="tests.zpa.test_zpa_tools.TestZpaTimeoutPolicyRules" name="test_list_timeout_policy_rules" file="tests/zpa/test_zpa_tools.py" line="675" time="0.004" /><testcase classname="tests.zpa.test_zpa_tools.TestZpaTimeoutPolicyRules" name="test_get_timeout_policy_rule" file="tests/zpa/test_zpa_tools.py" line="686" time="0.005" /><testcase classname="tests.zpa.test_zpa_tools.TestZpaIsolationPolicyRules" name="test_list_isolation_policy_rules" file="tests/zpa/test_zpa_tools.py" line="705" time="0.005" /><testcase classname="tests.zpa.test_zpa_tools.TestZpaIsolationPolicyRules" name="test_get_isolation_policy_rule" file="tests/zpa/test_zpa_tools.py" line="716" time="0.004" /><testcase classname="tests.zpa.test_zpa_tools.TestZpaAppProtectionRules" name="test_list_app_protection_rules" file="tests/zpa/test_zpa_tools.py" line="735" time="0.005" /><testcase classname="tests.zpa.test_zpa_tools.TestZpaAppProtectionRules" name="test_get_app_protection_rule" file="tests/zpa/test_zpa_tools.py" line="746" time="0.004" /><testcase classname="tests.zpa.test_zpa_tools.TestZpaPostureProfiles" name="test_list_posture_profiles" file="tests/zpa/test_zpa_tools.py" line="765" time="0.004" /><testcase classname="tests.zpa.test_zpa_tools.TestZpaPostureProfiles" name="test_get_posture_profile_by_id" file="tests/zpa/test_zpa_tools.py" line="776" time="0.004" /><testcase classname="tests.zpa.test_zpa_tools.TestZpaPostureProfiles" name="test_unsupported_action_raises" file="tests/zpa/test_zpa_tools.py" line="787" time="0.004" /><testcase classname="tests.zpa.test_zpa_tools.TestZpaTrustedNetworks" name="test_list_trusted_networks" file="tests/zpa/test_zpa_tools.py" line="798" time="0.004" /><testcase classname="tests.zpa.test_zpa_tools.TestZpaTrustedNetworks" name="test_unsupported_action_raises" file="tests/zpa/test_zpa_tools.py" line="809" time="0.003" /><testcase classname="tests.zpa.test_zpa_tools.TestZpaEnrollmentCertificates" name="test_list_enrollment_certificates" file="tests/zpa/test_zpa_tools.py" line="820" time="0.005" /><testcase classname="tests.zpa.test_zpa_tools.TestZpaSegmentsByType" name="test_get_segments_by_type" file="tests/zpa/test_zpa_tools.py" line="834" time="0.004" /><testcase classname="tests.zpa.test_zpa_tools.TestZpaIsolationProfiles" name="test_list_isolation_profiles" file="tests/zpa/test_zpa_tools.py" line="848" time="0.004" /><testcase classname="tests.zpa.test_zpa_tools.TestZpaIsolationProfiles" name="test_unsupported_action_raises" file="tests/zpa/test_zpa_tools.py" line="859" time="0.004" /><testcase classname="tests.zpa.test_zpa_tools.TestZpaAppProtectionProfiles" name="test_list_app_protection_profiles" file="tests/zpa/test_zpa_tools.py" line="870" time="0.005" /><testcase classname="tests.zpa.test_zpa_tools.TestZpaAppProtectionProfiles" name="test_get_app_protection_profile_by_name" file="tests/zpa/test_zpa_tools.py" line="881" time="0.004" /><testcase classname="tests.zpa.test_zpa_tools.TestZPAServiceRegistration" name="test_zpa_service_exists_in_registry" file="tests/zpa/test_zpa_tools.py" line="900" time="0.000" /><testcase classname="tests.zpa.test_zpa_tools.TestZPAServiceRegistration" name="test_zpa_service_has_tools" file="tests/zpa/test_zpa_tools.py" line="906" time="0.001" /><testcase classname="tests.zpa.test_zpa_tools.TestZPAServiceRegistration" name="test_all_zpa_tools_have_naming_convention" file="tests/zpa/test_zpa_tools.py" line="912" time="0.001" /><testcase classname="tests.ztw.test_ztw_tools.TestZtwIpDestinationGroups" name="test_list_ip_destination_groups_success" file="tests/ztw/test_ztw_tools.py" line="99" time="0.003" /><testcase classname="tests.ztw.test_ztw_tools.TestZtwIpDestinationGroups" name="test_list_ip_destination_groups_with_filter" file="tests/ztw/test_ztw_tools.py" line="123" time="0.003" /><testcase classname="tests.ztw.test_ztw_tools.TestZtwIpDestinationGroups" name="test_list_ip_destination_groups_with_error" file="tests/ztw/test_ztw_tools.py" line="145" time="0.002" /><testcase classname="tests.ztw.test_ztw_tools.TestZtwIpDestinationGroups" name="test_list_ip_destination_groups_lite_success" file="tests/ztw/test_ztw_tools.py" line="161" time="0.002" /><testcase classname="tests.ztw.test_ztw_tools.TestZtwIpDestinationGroups" name="test_create_ip_destination_group_success" file="tests/ztw/test_ztw_tools.py" line="183" time="0.002" /><testcase classname="tests.ztw.test_ztw_tools.TestZtwIpDestinationGroups" name="test_create_ip_destination_group_with_countries" file="tests/ztw/test_ztw_tools.py" line="206" time="0.002" /><testcase classname="tests.ztw.test_ztw_tools.TestZtwIpDestinationGroups" name="test_create_ip_destination_group_missing_required" file="tests/ztw/test_ztw_tools.py" line="231" time="0.002" /><testcase classname="tests.ztw.test_ztw_tools.TestZtwIpDestinationGroups" name="test_create_ip_destination_group_invalid_country_type" file="tests/ztw/test_ztw_tools.py" line="242" time="0.003" /><testcase classname="tests.ztw.test_ztw_tools.TestZtwIpDestinationGroups" name="test_delete_ip_destination_group_success" file="tests/ztw/test_ztw_tools.py" line="257" time="0.002" /><testcase classname="tests.ztw.test_ztw_tools.TestZtwIpDestinationGroups" name="test_delete_ip_destination_group_missing_id" file="tests/ztw/test_ztw_tools.py" line="275" time="0.002" /><testcase classname="tests.ztw.test_ztw_tools.TestZtwIpGroups" name="test_list_ip_groups_success" file="tests/ztw/test_ztw_tools.py" line="294" time="0.004" /><testcase classname="tests.ztw.test_ztw_tools.TestZtwIpGroups" name="test_list_ip_groups_with_search" file="tests/ztw/test_ztw_tools.py" line="309" time="0.003" /><testcase classname="tests.ztw.test_ztw_tools.TestZtwIpGroups" name="test_list_ip_groups_lite_success" file="tests/ztw/test_ztw_tools.py" line="325" time="0.003" /><testcase classname="tests.ztw.test_ztw_tools.TestZtwIpGroups" name="test_create_ip_group_success" file="tests/ztw/test_ztw_tools.py" line="341" time="0.002" /><testcase classname="tests.ztw.test_ztw_tools.TestZtwIpGroups" name="test_create_ip_group_with_json_string" file="tests/ztw/test_ztw_tools.py" line="357" time="0.002" /><testcase classname="tests.ztw.test_ztw_tools.TestZtwIpGroups" name="test_create_ip_group_missing_required" file="tests/ztw/test_ztw_tools.py" line="371" time="0.002" /><testcase classname="tests.ztw.test_ztw_tools.TestZtwIpGroups" name="test_delete_ip_group_success" file="tests/ztw/test_ztw_tools.py" line="382" time="0.003" /><testcase classname="tests.ztw.test_ztw_tools.TestZtwIpSourceGroups" name="test_list_ip_source_groups_success" file="tests/ztw/test_ztw_tools.py" line="403" time="0.003" /><testcase classname="tests.ztw.test_ztw_tools.TestZtwIpSourceGroups" name="test_list_ip_source_groups_with_search" file="tests/ztw/test_ztw_tools.py" line="424" time="0.003" /><testcase classname="tests.ztw.test_ztw_tools.TestZtwIpSourceGroups" name="test_list_ip_source_groups_lite_success" file="tests/ztw/test_ztw_tools.py" line="444" time="0.003" /><testcase classname="tests.ztw.test_ztw_tools.TestZtwIpSourceGroups" name="test_create_ip_source_group_success" file="tests/ztw/test_ztw_tools.py" line="466" time="0.002" /><testcase classname="tests.ztw.test_ztw_tools.TestZtwIpSourceGroups" name="test_delete_ip_source_group_success" file="tests/ztw/test_ztw_tools.py" line="487" time="0.002" /><testcase classname="tests.ztw.test_ztw_tools.TestZtwAdmins" name="test_list_admins_success" file="tests/ztw/test_ztw_tools.py" line="508" time="0.002" /><testcase classname="tests.ztw.test_ztw_tools.TestZtwAdmins" name="test_list_admins_with_filters" file="tests/ztw/test_ztw_tools.py" line="528" time="0.003" /><testcase classname="tests.ztw.test_ztw_tools.TestZtwAdmins" name="test_get_admin_success" file="tests/ztw/test_ztw_tools.py" line="555" time="0.002" /><testcase classname="tests.ztw.test_ztw_tools.TestZtwAdmins" name="test_get_admin_missing_id" file="tests/ztw/test_ztw_tools.py" line="576" time="0.002" /><testcase classname="tests.ztw.test_ztw_tools.TestZtwAdmins" name="test_list_admins_invalid_action" file="tests/ztw/test_ztw_tools.py" line="587" time="0.002" /><testcase classname="tests.ztw.test_ztw_tools.TestZtwAdmins" name="test_list_admins_with_version" file="tests/ztw/test_ztw_tools.py" line="598" time="0.002" /><testcase classname="tests.ztw.test_ztw_tools.TestZtwRoles" name="test_list_roles_success" file="tests/ztw/test_ztw_tools.py" line="621" time="0.002" /><testcase classname="tests.ztw.test_ztw_tools.TestZtwRoles" name="test_list_roles_with_filters" file="tests/ztw/test_ztw_tools.py" line="641" time="0.002" /><testcase classname="tests.ztw.test_ztw_tools.TestZtwRoles" name="test_list_roles_with_role_ids" file="tests/ztw/test_ztw_tools.py" line="663" time="0.002" /><testcase classname="tests.ztw.test_ztw_tools.TestZtwRoles" name="test_list_roles_with_error" file="tests/ztw/test_ztw_tools.py" line="677" time="0.002" /><testcase classname="tests.ztw.test_ztw_tools.TestZtwNetworkServiceGroups" name="test_list_network_service_groups_success" file="tests/ztw/test_ztw_tools.py" line="698" time="0.003" /><testcase classname="tests.ztw.test_ztw_tools.TestZtwNetworkServiceGroups" name="test_list_network_service_groups_with_search" file="tests/ztw/test_ztw_tools.py" line="724" time="0.002" /><testcase classname="tests.ztw.test_ztw_tools.TestZtwNetworkServiceGroups" name="test_list_network_service_groups_with_error" file="tests/ztw/test_ztw_tools.py" line="739" time="0.002" /><testcase classname="tests.ztw.test_ztw_tools.TestZtwNetworkServiceGroups" name="test_list_network_service_groups_legacy_mode" file="tests/ztw/test_ztw_tools.py" line="755" time="0.017" /></testsuite></testsuites>